Archive member included to satisfy reference by file (symbol)

/usr/lib/gcc/arm-none-eabi/12.2.0/../../../../arm-none-eabi/lib/thumb/v7e-m+fp/hard/libm.a(libm_a-s_cos.o)
                              lcd-serial.o (cos)
/usr/lib/gcc/arm-none-eabi/12.2.0/../../../../arm-none-eabi/lib/thumb/v7e-m+fp/hard/libm.a(libm_a-s_sin.o)
                              lcd-serial.o (sin)
/usr/lib/gcc/arm-none-eabi/12.2.0/../../../../arm-none-eabi/lib/thumb/v7e-m+fp/hard/libm.a(libm_a-k_cos.o)
                              /usr/lib/gcc/arm-none-eabi/12.2.0/../../../../arm-none-eabi/lib/thumb/v7e-m+fp/hard/libm.a(libm_a-s_cos.o) (__kernel_cos)
/usr/lib/gcc/arm-none-eabi/12.2.0/../../../../arm-none-eabi/lib/thumb/v7e-m+fp/hard/libm.a(libm_a-k_sin.o)
                              /usr/lib/gcc/arm-none-eabi/12.2.0/../../../../arm-none-eabi/lib/thumb/v7e-m+fp/hard/libm.a(libm_a-s_cos.o) (__kernel_sin)
/usr/lib/gcc/arm-none-eabi/12.2.0/../../../../arm-none-eabi/lib/thumb/v7e-m+fp/hard/libm.a(libm_a-e_rem_pio2.o)
                              /usr/lib/gcc/arm-none-eabi/12.2.0/../../../../arm-none-eabi/lib/thumb/v7e-m+fp/hard/libm.a(libm_a-s_cos.o) (__ieee754_rem_pio2)
/usr/lib/gcc/arm-none-eabi/12.2.0/../../../../arm-none-eabi/lib/thumb/v7e-m+fp/hard/libm.a(libm_a-s_fabs.o)
                              /usr/lib/gcc/arm-none-eabi/12.2.0/../../../../arm-none-eabi/lib/thumb/v7e-m+fp/hard/libm.a(libm_a-e_rem_pio2.o) (fabs)
/usr/lib/gcc/arm-none-eabi/12.2.0/../../../../arm-none-eabi/lib/thumb/v7e-m+fp/hard/libm.a(libm_a-k_rem_pio2.o)
                              /usr/lib/gcc/arm-none-eabi/12.2.0/../../../../arm-none-eabi/lib/thumb/v7e-m+fp/hard/libm.a(libm_a-e_rem_pio2.o) (__kernel_rem_pio2)
/usr/lib/gcc/arm-none-eabi/12.2.0/../../../../arm-none-eabi/lib/thumb/v7e-m+fp/hard/libm.a(libm_a-s_scalbn.o)
                              /usr/lib/gcc/arm-none-eabi/12.2.0/../../../../arm-none-eabi/lib/thumb/v7e-m+fp/hard/libm.a(libm_a-k_rem_pio2.o) (scalbn)
/usr/lib/gcc/arm-none-eabi/12.2.0/../../../../arm-none-eabi/lib/thumb/v7e-m+fp/hard/libm.a(libm_a-s_floor.o)
                              /usr/lib/gcc/arm-none-eabi/12.2.0/../../../../arm-none-eabi/lib/thumb/v7e-m+fp/hard/libm.a(libm_a-k_rem_pio2.o) (floor)
/home/derianmc/Desktop/STM32_examples/libopencm3-examples/libopencm3/lib/libopencm3_stm32f4.a(fmc_common_f47.o)
                              sdram.o (sdram_timing)
/home/derianmc/Desktop/STM32_examples/libopencm3-examples/libopencm3/lib/libopencm3_stm32f4.a(gpio_common_all.o)
                              lcd-spi.o (gpio_set)
/home/derianmc/Desktop/STM32_examples/libopencm3-examples/libopencm3/lib/libopencm3_stm32f4.a(gpio_common_f0234.o)
                              sdram.o (gpio_mode_setup)
/home/derianmc/Desktop/STM32_examples/libopencm3-examples/libopencm3/lib/libopencm3_stm32f4.a(rcc_common_all.o)
                              sdram.o (rcc_periph_clock_enable)
/home/derianmc/Desktop/STM32_examples/libopencm3-examples/libopencm3/lib/libopencm3_stm32f4.a(rcc.o)
                              clock.o (rcc_clock_setup_pll)
/home/derianmc/Desktop/STM32_examples/libopencm3-examples/libopencm3/lib/libopencm3_stm32f4.a(spi_common_all.o)
                              lcd-spi.o (spi_enable)
/home/derianmc/Desktop/STM32_examples/libopencm3-examples/libopencm3/lib/libopencm3_stm32f4.a(spi_common_v1.o)
                              lcd-spi.o (spi_init_master)
/home/derianmc/Desktop/STM32_examples/libopencm3-examples/libopencm3/lib/libopencm3_stm32f4.a(usart_common_all.o)
                              console.o (usart_set_baudrate)
/home/derianmc/Desktop/STM32_examples/libopencm3-examples/libopencm3/lib/libopencm3_stm32f4.a(usart_common_f124.o)
                              /home/derianmc/Desktop/STM32_examples/libopencm3-examples/libopencm3/lib/libopencm3_stm32f4.a(usart_common_all.o) (usart_send)
/home/derianmc/Desktop/STM32_examples/libopencm3-examples/libopencm3/lib/libopencm3_stm32f4.a(vector.o)
                              (reset_handler)
/home/derianmc/Desktop/STM32_examples/libopencm3-examples/libopencm3/lib/libopencm3_stm32f4.a(systick.o)
                              clock.o (systick_set_reload)
/home/derianmc/Desktop/STM32_examples/libopencm3-examples/libopencm3/lib/libopencm3_stm32f4.a(scb.o)
                              console.o (scb_reset_system)
/home/derianmc/Desktop/STM32_examples/libopencm3-examples/libopencm3/lib/libopencm3_stm32f4.a(nvic.o)
                              console.o (nvic_enable_irq)
/home/derianmc/Desktop/STM32_examples/libopencm3-examples/libopencm3/lib/libopencm3_stm32f4.a(flash_common_all.o)
                              /home/derianmc/Desktop/STM32_examples/libopencm3-examples/libopencm3/lib/libopencm3_stm32f4.a(rcc.o) (flash_set_ws)
/home/derianmc/Desktop/STM32_examples/libopencm3-examples/libopencm3/lib/libopencm3_stm32f4.a(flash_common_idcache.o)
                              /home/derianmc/Desktop/STM32_examples/libopencm3-examples/libopencm3/lib/libopencm3_stm32f4.a(rcc.o) (flash_dcache_enable)
[...]
Memory Configuration

Name             Origin             Length             Attributes
rom              0x08000000         0x00200000         xr
ccm              0x10000000         0x00010000         xrw
ram              0x20000000         0x00030000         xrw
*default*        0x00000000         0xffffffff

Linker script and memory map

LOAD sdram.o
LOAD clock.o
LOAD console.o
LOAD lcd-spi.o
LOAD gfx.o
LOAD lcd-serial.o
LOAD /usr/lib/gcc/arm-none-eabi/12.2.0/../../../../arm-none-eabi/lib/thumb/v7e-m+fp/hard/libm.a
LOAD /home/derianmc/Desktop/STM32_examples/libopencm3-examples/libopencm3/lib/libopencm3_stm32f4.a
START GROUP
LOAD /usr/lib/gcc/arm-none-eabi/12.2.0/../../../../arm-none-eabi/lib/thumb/v7e-m+fp/hard/libc.a
LOAD /usr/lib/gcc/arm-none-eabi/12.2.0/thumb/v7e-m+fp/hard/libgcc.a
LOAD /usr/lib/gcc/arm-none-eabi/12.2.0/../../../../arm-none-eabi/lib/thumb/v7e-m+fp/hard/libnosys.a
END GROUP
START GROUP
LOAD /usr/lib/gcc/arm-none-eabi/12.2.0/thumb/v7e-m+fp/hard/libgcc.a
LOAD /usr/lib/gcc/arm-none-eabi/12.2.0/../../../../arm-none-eabi/lib/thumb/v7e-m+fp/hard/libg.a
LOAD /usr/lib/gcc/arm-none-eabi/12.2.0/../../../../arm-none-eabi/lib/thumb/v7e-m+fp/hard/libc.a
END GROUP

.text           0x08000000     0x3de4
 *(.vectors)
 .vectors       0x08000000      0x1ac /home/derianmc/Desktop/STM32_examples/libopencm3-examples/libopencm3/lib/libopencm3_stm32f4.a(vector.o)
                0x08000000                vector_table
 *(.text*)
 .text.sdram_init
                0x080001ac       0xec sdram.o
                0x080001ac                sdram_init
 .text.sys_tick_handler
                0x08000298       0x10 clock.o
                0x08000298                sys_tick_handler
 .text.msleep   0x080002a8       0x14 clock.o
                0x080002a8                msleep
 .text.clock_setup
                0x080002bc       0x28 clock.o
                0x080002bc                clock_setup
 .text.usart1_isr
                0x080002e4       0x50 console.o
                0x080002e4                usart1_isr
 .text.console_putc
                0x08000334       0x10 console.o
                0x08000334                console_putc
 .text.console_puts
                0x08000344       0x1e console.o
                0x08000344                console_puts
 *fill*         0x08000362        0x2 
 .text.console_setup
                0x08000364       0x80 console.o
                0x08000364                console_setup
 .text.lcd_command
                0x080003e4       0x64 lcd-spi.o
 .text.print_hex.isra.0
                0x08000448       0x48 lcd-spi.o
 .text.lcd_draw_pixel
                0x08000490       0x14 lcd-spi.o
                0x08000490                lcd_draw_pixel
 .text.lcd_show_frame
                0x080004a4       0x50 lcd-spi.o
                0x080004a4                lcd_show_frame
 .text.lcd_spi_init
                0x080004f4      0x1b4 lcd-spi.o
                0x080004f4                lcd_spi_init
 .text.gfx_drawPixel
                0x080006a8       0x28 gfx.o
                0x080006a8                gfx_drawPixel
 .text.gfx_init
                0x080006d0       0x20 gfx.o
                0x080006d0                gfx_init
 .text.gfx_drawCircle
                0x080006f0       0xf8 gfx.o
                0x080006f0                gfx_drawCircle
 .text.gfx_drawCircleHelper
                0x080007e8       0xd6 gfx.o
                0x080007e8                gfx_drawCircleHelper
 .text.gfx_drawLine
                0x080008be       0xb2 gfx.o
                0x080008be                gfx_drawLine
 .text.gfx_drawFastVLine
                0x08000970       0x16 gfx.o
                0x08000970                gfx_drawFastVLine
 .text.gfx_fillCircleHelper
                0x08000986       0xfa gfx.o
                0x08000986                gfx_fillCircleHelper
 .text.gfx_fillCircle
                0x08000a80       0x30 gfx.o
                0x08000a80                gfx_fillCircle
 .text.gfx_drawFastHLine
                0x08000ab0       0x16 gfx.o
                0x08000ab0                gfx_drawFastHLine
 .text.gfx_fillRect
                0x08000ac6       0x2a gfx.o
                0x08000ac6                gfx_fillRect
 .text.gfx_fillScreen
                0x08000af0       0x20 gfx.o
                0x08000af0                gfx_fillScreen
 .text.gfx_drawRoundRect
                0x08000b10       0xdc gfx.o
                0x08000b10                gfx_drawRoundRect
 .text.gfx_fillRoundRect
                0x08000bec       0x76 gfx.o
                0x08000bec                gfx_fillRoundRect
 *fill*         0x08000c62        0x2 
 .text.gfx_drawChar
                0x08000c64       0xd4 gfx.o
                0x08000c64                gfx_drawChar
 .text.gfx_write
                0x08000d38       0x70 gfx.o
                0x08000d38                gfx_write
 .text.gfx_puts
                0x08000da8       0x12 gfx.o
                0x08000da8                gfx_puts
 *fill*         0x08000dba        0x2 
 .text.gfx_setCursor
                0x08000dbc        0xc gfx.o
                0x08000dbc                gfx_setCursor
 .text.gfx_setTextSize
                0x08000dc8       0x10 gfx.o
                0x08000dc8                gfx_setTextSize
 .text.gfx_setTextColor
                0x08000dd8        0xc gfx.o
                0x08000dd8                gfx_setTextColor
 *fill*         0x08000de4        0x4 
 .text.startup.main
                0x08000de8      0x328 lcd-serial.o
                0x08000de8                main
 .text.cos      0x08001110       0x88 /usr/lib/gcc/arm-none-eabi/12.2.0/../../../../arm-none-eabi/lib/thumb/v7e-m+fp/hard/libm.a(libm_a-s_cos.o)
                0x08001110                cos
 .text.sin      0x08001198       0x90 /usr/lib/gcc/arm-none-eabi/12.2.0/../../../../arm-none-eabi/lib/thumb/v7e-m+fp/hard/libm.a(libm_a-s_sin.o)
                0x08001198                sin
 .text.__kernel_cos
                0x08001228      0x264 /usr/lib/gcc/arm-none-eabi/12.2.0/../../../../arm-none-eabi/lib/thumb/v7e-m+fp/hard/libm.a(libm_a-k_cos.o)
                0x08001228                __kernel_cos
 *fill*         0x0800148c        0x4 
 .text.__kernel_sin
                0x08001490      0x17c /usr/lib/gcc/arm-none-eabi/12.2.0/../../../../arm-none-eabi/lib/thumb/v7e-m+fp/hard/libm.a(libm_a-k_sin.o)
                0x08001490                __kernel_sin
 *fill*         0x0800160c        0x4 
 .text.__ieee754_rem_pio2
                0x08001610      0x444 /usr/lib/gcc/arm-none-eabi/12.2.0/../../../../arm-none-eabi/lib/thumb/v7e-m+fp/hard/libm.a(libm_a-e_rem_pio2.o)
                0x08001610                __ieee754_rem_pio2
 .text.fabs     0x08001a54       0x10 /usr/lib/gcc/arm-none-eabi/12.2.0/../../../../arm-none-eabi/lib/thumb/v7e-m+fp/hard/libm.a(libm_a-s_fabs.o)
                0x08001a54                fabs
 *fill*         0x08001a64        0x4 
 .text.__kernel_rem_pio2
                0x08001a68      0x868 /usr/lib/gcc/arm-none-eabi/12.2.0/../../../../arm-none-eabi/lib/thumb/v7e-m+fp/hard/libm.a(libm_a-k_rem_pio2.o)
                0x08001a68                __kernel_rem_pio2
 .text.scalbn   0x080022d0      0x114 /usr/lib/gcc/arm-none-eabi/12.2.0/../../../../arm-none-eabi/lib/thumb/v7e-m+fp/hard/libm.a(libm_a-s_scalbn.o)
                0x080022d0                scalbn
 *fill*         0x080023e4        0x4 
 .text.floor    0x080023e8      0x108 /usr/lib/gcc/arm-none-eabi/12.2.0/../../../../arm-none-eabi/lib/thumb/v7e-m+fp/hard/libm.a(libm_a-s_floor.o)
                0x080023e8                floor
 .text.sdram_timing
                0x080024f0       0x4e /home/derianmc/Desktop/STM32_examples/libopencm3-examples/libopencm3/lib/libopencm3_stm32f4.a(fmc_common_f47.o)
                0x080024f0                sdram_timing
 *fill*         0x0800253e        0x2 
 .text.sdram_command
                0x08002540       0x60 /home/derianmc/Desktop/STM32_examples/libopencm3-examples/libopencm3/lib/libopencm3_stm32f4.a(fmc_common_f47.o)
                0x08002540                sdram_command
 .text.gpio_set
                0x080025a0        0x4 /home/derianmc/Desktop/STM32_examples/libopencm3-examples/libopencm3/lib/libopencm3_stm32f4.a(gpio_common_all.o)
                0x080025a0                gpio_set
 .text.gpio_clear
                0x080025a4        0x6 /home/derianmc/Desktop/STM32_examples/libopencm3-examples/libopencm3/lib/libopencm3_stm32f4.a(gpio_common_all.o)
                0x080025a4                gpio_clear
 .text.gpio_mode_setup
                0x080025aa       0x40 /home/derianmc/Desktop/STM32_examples/libopencm3-examples/libopencm3/lib/libopencm3_stm32f4.a(gpio_common_f0234.o)
                0x080025aa                gpio_mode_setup
 .text.gpio_set_output_options
                0x080025ea       0x36 /home/derianmc/Desktop/STM32_examples/libopencm3-examples/libopencm3/lib/libopencm3_stm32f4.a(gpio_common_f0234.o)
                0x080025ea                gpio_set_output_options
 .text.gpio_set_af
                0x08002620       0x58 /home/derianmc/Desktop/STM32_examples/libopencm3-examples/libopencm3/lib/libopencm3_stm32f4.a(gpio_common_f0234.o)
                0x08002620                gpio_set_af
 .text.rcc_periph_clock_enable
                0x08002678       0x1a /home/derianmc/Desktop/STM32_examples/libopencm3-examples/libopencm3/lib/libopencm3_stm32f4.a(rcc_common_all.o)
                0x08002678                rcc_periph_clock_enable
 *fill*         0x08002692        0x2 
 .text.rcc_is_osc_ready
                0x08002694       0x64 /home/derianmc/Desktop/STM32_examples/libopencm3-examples/libopencm3/lib/libopencm3_stm32f4.a(rcc.o)
                0x08002694                rcc_is_osc_ready
 .text.rcc_wait_for_osc_ready
                0x080026f8       0x10 /home/derianmc/Desktop/STM32_examples/libopencm3-examples/libopencm3/lib/libopencm3_stm32f4.a(rcc.o)
                0x080026f8                rcc_wait_for_osc_ready
 .text.rcc_osc_on
                0x08002708       0x74 /home/derianmc/Desktop/STM32_examples/libopencm3-examples/libopencm3/lib/libopencm3_stm32f4.a(rcc.o)
                0x08002708                rcc_osc_on
 .text.rcc_osc_off
                0x0800277c       0x74 /home/derianmc/Desktop/STM32_examples/libopencm3-examples/libopencm3/lib/libopencm3_stm32f4.a(rcc.o)
                0x0800277c                rcc_osc_off
 .text.rcc_set_sysclk_source
                0x080027f0       0x18 /home/derianmc/Desktop/STM32_examples/libopencm3-examples/libopencm3/lib/libopencm3_stm32f4.a(rcc.o)
                0x080027f0                rcc_set_sysclk_source
 .text.rcc_set_ppre2
                0x08002808       0x18 /home/derianmc/Desktop/STM32_examples/libopencm3-examples/libopencm3/lib/libopencm3_stm32f4.a(rcc.o)
                0x08002808                rcc_set_ppre2
 .text.rcc_set_ppre1
                0x08002820       0x18 /home/derianmc/Desktop/STM32_examples/libopencm3-examples/libopencm3/lib/libopencm3_stm32f4.a(rcc.o)
                0x08002820                rcc_set_ppre1
 .text.rcc_set_hpre
                0x08002838       0x18 /home/derianmc/Desktop/STM32_examples/libopencm3-examples/libopencm3/lib/libopencm3_stm32f4.a(rcc.o)
                0x08002838                rcc_set_hpre
 .text.rcc_set_main_pll_hsi
                0x08002850       0x44 /home/derianmc/Desktop/STM32_examples/libopencm3-examples/libopencm3/lib/libopencm3_stm32f4.a(rcc.o)
                0x08002850                rcc_set_main_pll_hsi
 .text.rcc_set_main_pll_hse
                0x08002894       0x44 /home/derianmc/Desktop/STM32_examples/libopencm3-examples/libopencm3/lib/libopencm3_stm32f4.a(rcc.o)
                0x08002894                rcc_set_main_pll_hse
 .text.rcc_clock_setup_pll
                0x080028d8       0xe4 /home/derianmc/Desktop/STM32_examples/libopencm3-examples/libopencm3/lib/libopencm3_stm32f4.a(rcc.o)
                0x080028d8                rcc_clock_setup_pll
 .text.spi_enable
                0x080029bc        0xa /home/derianmc/Desktop/STM32_examples/libopencm3-examples/libopencm3/lib/libopencm3_stm32f4.a(spi_common_all.o)
                0x080029bc                spi_enable
 .text.spi_xfer
                0x080029c6        0xe /home/derianmc/Desktop/STM32_examples/libopencm3-examples/libopencm3/lib/libopencm3_stm32f4.a(spi_common_all.o)
                0x080029c6                spi_xfer
 .text.spi_enable_ss_output
                0x080029d4        0xa /home/derianmc/Desktop/STM32_examples/libopencm3-examples/libopencm3/lib/libopencm3_stm32f4.a(spi_common_all.o)
                0x080029d4                spi_enable_ss_output
 .text.spi_init_master
                0x080029de       0x28 /home/derianmc/Desktop/STM32_examples/libopencm3-examples/libopencm3/lib/libopencm3_stm32f4.a(spi_common_v1.o)
                0x080029de                spi_init_master
 *fill*         0x08002a06        0x2 
 .text.usart_set_baudrate
                0x08002a08       0x2c /home/derianmc/Desktop/STM32_examples/libopencm3-examples/libopencm3/lib/libopencm3_stm32f4.a(usart_common_all.o)
                0x08002a08                usart_set_baudrate
 .text.usart_set_databits
                0x08002a34       0x12 /home/derianmc/Desktop/STM32_examples/libopencm3-examples/libopencm3/lib/libopencm3_stm32f4.a(usart_common_all.o)
                0x08002a34                usart_set_databits
 .text.usart_set_stopbits
                0x08002a46        0xc /home/derianmc/Desktop/STM32_examples/libopencm3-examples/libopencm3/lib/libopencm3_stm32f4.a(usart_common_all.o)
                0x08002a46                usart_set_stopbits
 .text.usart_set_parity
                0x08002a52        0xc /home/derianmc/Desktop/STM32_examples/libopencm3-examples/libopencm3/lib/libopencm3_stm32f4.a(usart_common_all.o)
                0x08002a52                usart_set_parity
 .text.usart_set_mode
                0x08002a5e        0xc /home/derianmc/Desktop/STM32_examples/libopencm3-examples/libopencm3/lib/libopencm3_stm32f4.a(usart_common_all.o)
                0x08002a5e                usart_set_mode
 .text.usart_set_flow_control
                0x08002a6a        0xc /home/derianmc/Desktop/STM32_examples/libopencm3-examples/libopencm3/lib/libopencm3_stm32f4.a(usart_common_all.o)
                0x08002a6a                usart_set_flow_control
 .text.usart_enable
                0x08002a76        0xa /home/derianmc/Desktop/STM32_examples/libopencm3-examples/libopencm3/lib/libopencm3_stm32f4.a(usart_common_all.o)
                0x08002a76                usart_enable
 .text.usart_enable_rx_interrupt
                0x08002a80        0xa /home/derianmc/Desktop/STM32_examples/libopencm3-examples/libopencm3/lib/libopencm3_stm32f4.a(usart_common_all.o)
                0x08002a80                usart_enable_rx_interrupt
 .text.blocking_handler
                0x08002a8a        0x2 /home/derianmc/Desktop/STM32_examples/libopencm3-examples/libopencm3/lib/libopencm3_stm32f4.a(vector.o)
                0x08002a8a                dma2_stream1_isr
                0x08002a8a                tim8_brk_tim12_isr
                0x08002a8a                dma1_stream7_isr
                0x08002a8a                usart3_isr
                0x08002a8a                tim7_isr
                0x08002a8a                dma2d_isr
                0x08002a8a                uart8_isr
                0x08002a8a                dma1_stream2_isr
                0x08002a8a                otg_hs_isr
                0x08002a8a                blocking_handler
                0x08002a8a                tim5_isr
                0x08002a8a                rtc_wkup_isr
                0x08002a8a                otg_fs_isr
                0x08002a8a                spi1_isr
                0x08002a8a                i2c3_er_isr
                0x08002a8a                exti2_isr
                0x08002a8a                spi5_isr
                0x08002a8a                usb_fs_wkup_isr
                0x08002a8a                tamp_stamp_isr
                0x08002a8a                can1_rx1_isr
                0x08002a8a                dma2_stream0_isr
                0x08002a8a                i2c3_ev_isr
                0x08002a8a                usage_fault_handler
                0x08002a8a                can2_rx0_isr
                0x08002a8a                dma1_stream6_isr
                0x08002a8a                can2_rx1_isr
                0x08002a8a                can1_sce_isr
                0x08002a8a                tim1_cc_isr
                0x08002a8a                can1_tx_isr
                0x08002a8a                tim1_up_tim10_isr
                0x08002a8a                sdio_isr
                0x08002a8a                eth_isr
                0x08002a8a                spi6_isr
                0x08002a8a                dma2_stream5_isr
                0x08002a8a                pvd_isr
                0x08002a8a                can1_rx0_isr
                0x08002a8a                rcc_isr
                0x08002a8a                dma2_stream3_isr
                0x08002a8a                flash_isr
                0x08002a8a                uart4_isr
                0x08002a8a                lcd_tft_isr
                0x08002a8a                rtc_alarm_isr
                0x08002a8a                exti15_10_isr
                0x08002a8a                hash_rng_isr
                0x08002a8a                tim1_trg_com_tim11_isr
                0x08002a8a                hard_fault_handler
                0x08002a8a                exti1_isr
                0x08002a8a                i2c1_ev_isr
                0x08002a8a                usart6_isr
                0x08002a8a                spi2_isr
                0x08002a8a                cryp_isr
                0x08002a8a                nvic_wwdg_isr
                0x08002a8a                dma1_stream1_isr
                0x08002a8a                dma2_stream4_isr
                0x08002a8a                exti3_isr
                0x08002a8a                tim3_isr
                0x08002a8a                usart2_isr
                0x08002a8a                sai1_isr
                0x08002a8a                fpu_isr
                0x08002a8a                dma1_stream4_isr
                0x08002a8a                i2c2_er_isr
                0x08002a8a                i2c2_ev_isr
                0x08002a8a                uart5_isr
                0x08002a8a                dma2_stream6_isr
                0x08002a8a                spi4_isr
                0x08002a8a                adc_isr
                0x08002a8a                dma2_stream7_isr
                0x08002a8a                tim8_up_tim13_isr
                0x08002a8a                fsmc_isr
                0x08002a8a                exti4_isr
                0x08002a8a                tim6_dac_isr
                0x08002a8a                dma1_stream3_isr
                0x08002a8a                tim8_trg_com_tim14_isr
                0x08002a8a                mem_manage_handler
                0x08002a8a                lcd_tft_err_isr
                0x08002a8a                can2_tx_isr
                0x08002a8a                exti9_5_isr
                0x08002a8a                tim1_brk_tim9_isr
                0x08002a8a                uart7_isr
                0x08002a8a                can2_sce_isr
                0x08002a8a                tim4_isr
                0x08002a8a                otg_hs_wkup_isr
                0x08002a8a                i2c1_er_isr
                0x08002a8a                dma1_stream0_isr
                0x08002a8a                tim8_cc_isr
                0x08002a8a                dcmi_isr
                0x08002a8a                dma2_stream2_isr
                0x08002a8a                eth_wkup_isr
                0x08002a8a                bus_fault_handler
                0x08002a8a                otg_hs_ep1_out_isr
                0x08002a8a                spi3_isr
                0x08002a8a                dma1_stream5_isr
                0x08002a8a                otg_hs_ep1_in_isr
                0x08002a8a                tim2_isr
                0x08002a8a                exti0_isr
 .text.null_handler
                0x08002a8c        0x2 /home/derianmc/Desktop/STM32_examples/libopencm3-examples/libopencm3/lib/libopencm3_stm32f4.a(vector.o)
                0x08002a8c                null_handler
                0x08002a8c                sv_call_handler
                0x08002a8c                pend_sv_handler
                0x08002a8c                debug_monitor_handler
                0x08002a8c                nmi_handler
 *fill*         0x08002a8e        0x2 
 .text.reset_handler
                0x08002a90       0xa0 /home/derianmc/Desktop/STM32_examples/libopencm3-examples/libopencm3/lib/libopencm3_stm32f4.a(vector.o)
                0x08002a90                reset_handler
 .text.systick_set_reload
                0x08002b30        0xc /home/derianmc/Desktop/STM32_examples/libopencm3-examples/libopencm3/lib/libopencm3_stm32f4.a(systick.o)
                0x08002b30                systick_set_reload
 .text.systick_set_clocksource
                0x08002b3c       0x14 /home/derianmc/Desktop/STM32_examples/libopencm3-examples/libopencm3/lib/libopencm3_stm32f4.a(systick.o)
                0x08002b3c                systick_set_clocksource
 .text.systick_interrupt_enable
                0x08002b50        0xe /home/derianmc/Desktop/STM32_examples/libopencm3-examples/libopencm3/lib/libopencm3_stm32f4.a(systick.o)
                0x08002b50                systick_interrupt_enable
 .text.systick_counter_enable
                0x08002b5e        0xe /home/derianmc/Desktop/STM32_examples/libopencm3-examples/libopencm3/lib/libopencm3_stm32f4.a(systick.o)
                0x08002b5e                systick_counter_enable
 .text.scb_reset_system
                0x08002b6c       0x10 /home/derianmc/Desktop/STM32_examples/libopencm3-examples/libopencm3/lib/libopencm3_stm32f4.a(scb.o)
                0x08002b6c                scb_reset_system
 .text.nvic_enable_irq
                0x08002b7c       0x18 /home/derianmc/Desktop/STM32_examples/libopencm3-examples/libopencm3/lib/libopencm3_stm32f4.a(nvic.o)
                0x08002b7c                nvic_enable_irq
 .text.flash_set_ws
                0x08002b94       0x18 /home/derianmc/Desktop/STM32_examples/libopencm3-examples/libopencm3/lib/libopencm3_stm32f4.a(flash_common_all.o)
                0x08002b94                flash_set_ws
 .text.flash_dcache_enable
                0x08002bac       0x14 /home/derianmc/Desktop/STM32_examples/libopencm3-examples/libopencm3/lib/libopencm3_stm32f4.a(flash_common_idcache.o)
                0x08002bac                flash_dcache_enable
 .text.flash_dcache_disable
                0x08002bc0       0x14 /home/derianmc/Desktop/STM32_examples/libopencm3-examples/libopencm3/lib/libopencm3_stm32f4.a(flash_common_idcache.o)
                0x08002bc0                flash_dcache_disable
 .text.flash_icache_enable
                0x08002bd4       0x14 /home/derianmc/Desktop/STM32_examples/libopencm3-examples/libopencm3/lib/libopencm3_stm32f4.a(flash_common_idcache.o)
                0x08002bd4                flash_icache_enable
 .text.flash_icache_disable
                0x08002be8       0x14 /home/derianmc/Desktop/STM32_examples/libopencm3-examples/libopencm3/lib/libopencm3_stm32f4.a(flash_common_idcache.o)
                0x08002be8                flash_icache_disable
 .text.pwr_set_vos_scale
                0x08002bfc       0x18 /home/derianmc/Desktop/STM32_examples/libopencm3-examples/libopencm3/lib/libopencm3_stm32f4.a(pwr.o)
                0x08002bfc                pwr_set_vos_scale
 .text          0x08002c14      0x378 /usr/lib/gcc/arm-none-eabi/12.2.0/thumb/v7e-m+fp/hard/libgcc.a(_arm_addsubdf3.o)
                0x08002c14                __aeabi_drsub
                0x08002c1c                __aeabi_dsub
                0x08002c1c                __subdf3
                0x08002c20                __adddf3
                0x08002c20                __aeabi_dadd
                0x08002e98                __aeabi_ui2d
                0x08002e98                __floatunsidf
                0x08002eb8                __floatsidf
                0x08002eb8                __aeabi_i2d
                0x08002edc                __extendsfdf2
                0x08002edc                __aeabi_f2d
                0x08002f20                __aeabi_ul2d
                0x08002f20                __floatundidf
                0x08002f30                __floatdidf
                0x08002f30                __aeabi_l2d
 .text          0x08002f8c      0x424 /usr/lib/gcc/arm-none-eabi/12.2.0/thumb/v7e-m+fp/hard/libgcc.a(_arm_muldivdf3.o)
                0x08002f8c                __aeabi_dmul
                0x08002f8c                __muldf3
                0x080031e0                __aeabi_ddiv
                0x080031e0                __divdf3
 .text          0x080033b0      0x110 /usr/lib/gcc/arm-none-eabi/12.2.0/thumb/v7e-m+fp/hard/libgcc.a(_arm_cmpdf2.o)
                0x080033b0                __gtdf2
                0x080033b0                __gedf2
                0x080033b8                __ltdf2
                0x080033b8                __ledf2
                0x080033c0                __cmpdf2
                0x080033c0                __eqdf2
                0x080033c0                __nedf2
                0x0800343c                __aeabi_cdrcmple
                0x0800344c                __aeabi_cdcmple
                0x0800344c                __aeabi_cdcmpeq
                0x0800345c                __aeabi_dcmpeq
                0x08003470                __aeabi_dcmplt
                0x08003484                __aeabi_dcmple
                0x08003498                __aeabi_dcmpge
                0x080034ac                __aeabi_dcmpgt
 .text          0x080034c0       0x50 /usr/lib/gcc/arm-none-eabi/12.2.0/thumb/v7e-m+fp/hard/libgcc.a(_arm_fixdfsi.o)
                0x080034c0                __fixdfsi
                0x080034c0                __aeabi_d2iz
                0x08003510                        . = ALIGN (0x4)
 *(.rodata*)
 .rodata.sdram_pins
                0x08003510       0x30 sdram.o
 .rodata.print_hex.isra.0.str1.1
                0x08003540        0x3 lcd-spi.o
 .rodata.lcd_spi_init.str1.1
                0x08003543       0x62 lcd-spi.o
 *fill*         0x080035a5        0x1 
 .rodata.initialization
                0x080035a6       0x50 lcd-spi.o
                0x080035a6                initialization
 .rodata.cmd_args
                0x080035f6       0x3a lcd-spi.o
 .rodata.mcm_font
                0x08003630      0x480 gfx.o
 .rodata.main.str1.1
                0x08003ab0       0xe7 lcd-serial.o
 *fill*         0x08003b97        0x1 
 .rodata.npio2_hw
                0x08003b98       0x80 /usr/lib/gcc/arm-none-eabi/12.2.0/../../../../arm-none-eabi/lib/thumb/v7e-m+fp/hard/libm.a(libm_a-e_rem_pio2.o)
 .rodata.two_over_pi
                0x08003c18      0x108 /usr/lib/gcc/arm-none-eabi/12.2.0/../../../../arm-none-eabi/lib/thumb/v7e-m+fp/hard/libm.a(libm_a-e_rem_pio2.o)
 .rodata.PIo2   0x08003d20       0x40 /usr/lib/gcc/arm-none-eabi/12.2.0/../../../../arm-none-eabi/lib/thumb/v7e-m+fp/hard/libm.a(libm_a-k_rem_pio2.o)
 .rodata.init_jk
                0x08003d60       0x10 /usr/lib/gcc/arm-none-eabi/12.2.0/../../../../arm-none-eabi/lib/thumb/v7e-m+fp/hard/libm.a(libm_a-k_rem_pio2.o)
 .rodata.CSWTCH.2
                0x08003d70        0x3 /home/derianmc/Desktop/STM32_examples/libopencm3-examples/libopencm3/lib/libopencm3_stm32f4.a(fmc_common_f47.o)
 *fill*         0x08003d73        0x1 
 .rodata.rcc_hse_8mhz_3v3
                0x08003d74       0x70 /home/derianmc/Desktop/STM32_examples/libopencm3-examples/libopencm3/lib/libopencm3_stm32f4.a(rcc.o)
                0x08003d74                rcc_hse_8mhz_3v3
                0x08003de4                        . = ALIGN (0x4)

.glue_7         0x08003de4        0x0
 .glue_7        0x08003de4        0x0 linker stubs

.glue_7t        0x08003de4        0x0
 .glue_7t       0x08003de4        0x0 linker stubs

.vfp11_veneer   0x08003de4        0x0
 .vfp11_veneer  0x08003de4        0x0 linker stubs

.v4_bx          0x08003de4        0x0
 .v4_bx         0x08003de4        0x0 linker stubs

.iplt           0x08003de4        0x0
 .iplt          0x08003de4        0x0 sdram.o

.rel.dyn        0x08003de4        0x0
 .rel.iplt      0x08003de4        0x0 sdram.o

.preinit_array  0x08003de4        0x0
                0x08003de4                        . = ALIGN (0x4)
                0x08003de4                        __preinit_array_start = .
 *(.preinit_array)
                0x08003de4                        __preinit_array_end = .

.init_array     0x08003de4        0x0
                0x08003de4                        . = ALIGN (0x4)
                0x08003de4                        __init_array_start = .
 *(SORT_BY_NAME(.init_array.*))
 *(.init_array)
                0x08003de4                        __init_array_end = .

.fini_array     0x08003de4        0x0
                0x08003de4                        . = ALIGN (0x4)
                0x08003de4                        __fini_array_start = .
 *(.fini_array)
 *(SORT_BY_NAME(.fini_array.*))
                0x08003de4                        __fini_array_end = .

.ARM.extab
 *(.ARM.extab*)

.ARM.exidx      0x08003de4        0x0
                0x08003de4                        __exidx_start = .
 *(.ARM.exidx*)
                0x08003de4                        __exidx_end = .
                0x08003de4                        . = ALIGN (0x4)
                0x08003de4                        _etext = .

.noinit
 *(.noinit*)
                0x08003de4                        . = ALIGN (0x4)

.data           0x20000000       0x28 load address 0x08003de4
                0x20000000                        _data = .
 *(.data*)
 .data.timing   0x20000000       0x1c sdram.o
 .data.rcc_apb2_frequency
                0x2000001c        0x4 /home/derianmc/Desktop/STM32_examples/libopencm3-examples/libopencm3/lib/libopencm3_stm32f4.a(rcc.o)
                0x2000001c                rcc_apb2_frequency
 .data.rcc_apb1_frequency
                0x20000020        0x4 /home/derianmc/Desktop/STM32_examples/libopencm3-examples/libopencm3/lib/libopencm3_stm32f4.a(rcc.o)
                0x20000020                rcc_apb1_frequency
 .data.rcc_ahb_frequency
                0x20000024        0x4 /home/derianmc/Desktop/STM32_examples/libopencm3-examples/libopencm3/lib/libopencm3_stm32f4.a(rcc.o)
                0x20000024                rcc_ahb_frequency
 *(.ramtext*)
                0x20000028                        . = ALIGN (0x4)
                0x20000028                        _edata = .
                0x08003de4                        _data_loadaddr = LOADADDR (.data)

.igot.plt       0x20000028        0x0 load address 0x08003e0c
 .igot.plt      0x20000028        0x0 sdram.o

.bss            0x20000028       0xa8 load address 0x08003e0c
 *(.bss*)
 .bss.system_millis
                0x20000028        0x4 clock.o
 .bss.recv_ndx_cur
                0x2000002c        0x4 console.o
                0x2000002c                recv_ndx_cur
 .bss.recv_ndx_nxt
                0x20000030        0x4 console.o
                0x20000030                recv_ndx_nxt
 .bss.recv_buf  0x20000034       0x80 console.o
                0x20000034                recv_buf
 .bss.display_frame
                0x200000b4        0x4 lcd-spi.o
                0x200000b4                display_frame
 .bss.cur_frame
                0x200000b8        0x4 lcd-spi.o
                0x200000b8                cur_frame
 .bss.__gfx_state
                0x200000bc       0x14 gfx.o
                0x200000bc                __gfx_state
 *(COMMON)
                0x200000d0                        . = ALIGN (0x4)
                0x200000d0                        _ebss = .

/DISCARD/
 *(.eh_frame)
                0x200000d0                        . = ALIGN (0x4)
                0x200000d0                        end = .
                0x20030000                        PROVIDE (_stack = (ORIGIN (ram) + LENGTH (ram)))
OUTPUT(lcd-serial.elf elf32-littlearm)
LOAD linker stubs

.debug_info     0x00000000     0x7ecc
 .debug_info    0x00000000      0x8f5 sdram.o
 .debug_info    0x000008f5      0x311 clock.o
 .debug_info    0x00000c06      0x9c2 console.o
 .debug_info    0x000015c8      0xdfb lcd-spi.o
 .debug_info    0x000023c3     0x178a gfx.o
 .debug_info    0x00003b4d      0x8a7 lcd-serial.o
 .debug_info    0x000043f4      0x1f7 /home/derianmc/Desktop/STM32_examples/libopencm3-examples/libopencm3/lib/libopencm3_stm32f4.a(fmc_common_f47.o)
 .debug_info    0x000045eb      0x256 /home/derianmc/Desktop/STM32_examples/libopencm3-examples/libopencm3/lib/libopencm3_stm32f4.a(gpio_common_all.o)
 .debug_info    0x00004841      0x21b /home/derianmc/Desktop/STM32_examples/libopencm3-examples/libopencm3/lib/libopencm3_stm32f4.a(gpio_common_f0234.o)
 .debug_info    0x00004a5c      0x932 /home/derianmc/Desktop/STM32_examples/libopencm3-examples/libopencm3/lib/libopencm3_stm32f4.a(rcc_common_all.o)
 .debug_info    0x0000538e      0xf9b /home/derianmc/Desktop/STM32_examples/libopencm3-examples/libopencm3/lib/libopencm3_stm32f4.a(rcc.o)
 .debug_info    0x00006329      0x7b9 /home/derianmc/Desktop/STM32_examples/libopencm3-examples/libopencm3/lib/libopencm3_stm32f4.a(spi_common_all.o)
 .debug_info    0x00006ae2      0x155 /home/derianmc/Desktop/STM32_examples/libopencm3-examples/libopencm3/lib/libopencm3_stm32f4.a(spi_common_v1.o)
 .debug_info    0x00006c37      0x569 /home/derianmc/Desktop/STM32_examples/libopencm3-examples/libopencm3/lib/libopencm3_stm32f4.a(usart_common_all.o)
 .debug_info    0x000071a0      0x2d9 /home/derianmc/Desktop/STM32_examples/libopencm3-examples/libopencm3/lib/libopencm3_stm32f4.a(vector.o)
 .debug_info    0x00007479      0x271 /home/derianmc/Desktop/STM32_examples/libopencm3-examples/libopencm3/lib/libopencm3_stm32f4.a(systick.o)
 .debug_info    0x000076ea       0xdb /home/derianmc/Desktop/STM32_examples/libopencm3-examples/libopencm3/lib/libopencm3_stm32f4.a(scb.o)
 .debug_info    0x000077c5      0x239 /home/derianmc/Desktop/STM32_examples/libopencm3-examples/libopencm3/lib/libopencm3_stm32f4.a(nvic.o)
 .debug_info    0x000079fe       0xf1 /home/derianmc/Desktop/STM32_examples/libopencm3-examples/libopencm3/lib/libopencm3_stm32f4.a(flash_common_all.o)
 .debug_info    0x00007aef       0xe9 /home/derianmc/Desktop/STM32_examples/libopencm3-examples/libopencm3/lib/libopencm3_stm32f4.a(flash_common_idcache.o)
 .debug_info    0x00007bd8       0xe9 /home/derianmc/Desktop/STM32_examples/libopencm3-examples/libopencm3/lib/libopencm3_stm32f4.a(pwr.o)
 .debug_info    0x00007cc1       0xc0 /usr/lib/gcc/arm-none-eabi/12.2.0/thumb/v7e-m+fp/hard/libgcc.a(_arm_addsubdf3.o)
 .debug_info    0x00007d81       0x52 /usr/lib/gcc/arm-none-eabi/12.2.0/thumb/v7e-m+fp/hard/libgcc.a(_arm_muldivdf3.o)
 .debug_info    0x00007dd3       0xc0 /usr/lib/gcc/arm-none-eabi/12.2.0/thumb/v7e-m+fp/hard/libgcc.a(_arm_cmpdf2.o)
 .debug_info    0x00007e93       0x39 /usr/lib/gcc/arm-none-eabi/12.2.0/thumb/v7e-m+fp/hard/libgcc.a(_arm_fixdfsi.o)

.debug_abbrev   0x00000000     0x1e00
 .debug_abbrev  0x00000000      0x198 sdram.o
 .debug_abbrev  0x00000198      0x1c5 clock.o
 .debug_abbrev  0x0000035d      0x212 console.o
 .debug_abbrev  0x0000056f      0x374 lcd-spi.o
 .debug_abbrev  0x000008e3      0x311 gfx.o
 .debug_abbrev  0x00000bf4       0xf5 lcd-serial.o
 .debug_abbrev  0x00000ce9      0x115 /home/derianmc/Desktop/STM32_examples/libopencm3-examples/libopencm3/lib/libopencm3_stm32f4.a(fmc_common_f47.o)
 .debug_abbrev  0x00000dfe      0x115 /home/derianmc/Desktop/STM32_examples/libopencm3-examples/libopencm3/lib/libopencm3_stm32f4.a(gpio_common_all.o)
 .debug_abbrev  0x00000f13       0xc2 /home/derianmc/Desktop/STM32_examples/libopencm3-examples/libopencm3/lib/libopencm3_stm32f4.a(gpio_common_f0234.o)
 .debug_abbrev  0x00000fd5      0x185 /home/derianmc/Desktop/STM32_examples/libopencm3-examples/libopencm3/lib/libopencm3_stm32f4.a(rcc_common_all.o)
 .debug_abbrev  0x0000115a      0x2da /home/derianmc/Desktop/STM32_examples/libopencm3-examples/libopencm3/lib/libopencm3_stm32f4.a(rcc.o)
 .debug_abbrev  0x00001434      0x1a0 /home/derianmc/Desktop/STM32_examples/libopencm3-examples/libopencm3/lib/libopencm3_stm32f4.a(spi_common_all.o)
 .debug_abbrev  0x000015d4       0xd3 /home/derianmc/Desktop/STM32_examples/libopencm3-examples/libopencm3/lib/libopencm3_stm32f4.a(spi_common_v1.o)
 .debug_abbrev  0x000016a7      0x164 /home/derianmc/Desktop/STM32_examples/libopencm3-examples/libopencm3/lib/libopencm3_stm32f4.a(usart_common_all.o)
 .debug_abbrev  0x0000180b      0x15f /home/derianmc/Desktop/STM32_examples/libopencm3-examples/libopencm3/lib/libopencm3_stm32f4.a(vector.o)
 .debug_abbrev  0x0000196a      0x14e /home/derianmc/Desktop/STM32_examples/libopencm3-examples/libopencm3/lib/libopencm3_stm32f4.a(systick.o)
 .debug_abbrev  0x00001ab8       0x88 /home/derianmc/Desktop/STM32_examples/libopencm3-examples/libopencm3/lib/libopencm3_stm32f4.a(scb.o)
 .debug_abbrev  0x00001b40       0xb6 /home/derianmc/Desktop/STM32_examples/libopencm3-examples/libopencm3/lib/libopencm3_stm32f4.a(nvic.o)
 .debug_abbrev  0x00001bf6       0x96 /home/derianmc/Desktop/STM32_examples/libopencm3-examples/libopencm3/lib/libopencm3_stm32f4.a(flash_common_all.o)
 .debug_abbrev  0x00001c8c       0x56 /home/derianmc/Desktop/STM32_examples/libopencm3-examples/libopencm3/lib/libopencm3_stm32f4.a(flash_common_idcache.o)
 .debug_abbrev  0x00001ce2       0x9a /home/derianmc/Desktop/STM32_examples/libopencm3-examples/libopencm3/lib/libopencm3_stm32f4.a(pwr.o)
 .debug_abbrev  0x00001d7c       0x21 /usr/lib/gcc/arm-none-eabi/12.2.0/thumb/v7e-m+fp/hard/libgcc.a(_arm_addsubdf3.o)
 .debug_abbrev  0x00001d9d       0x21 /usr/lib/gcc/arm-none-eabi/12.2.0/thumb/v7e-m+fp/hard/libgcc.a(_arm_muldivdf3.o)
 .debug_abbrev  0x00001dbe       0x21 /usr/lib/gcc/arm-none-eabi/12.2.0/thumb/v7e-m+fp/hard/libgcc.a(_arm_cmpdf2.o)
 .debug_abbrev  0x00001ddf       0x21 /usr/lib/gcc/arm-none-eabi/12.2.0/thumb/v7e-m+fp/hard/libgcc.a(_arm_fixdfsi.o)

.debug_loclists
                0x00000000     0x3bb7
 .debug_loclists
                0x00000000       0x94 sdram.o
 .debug_loclists
                0x00000094       0x17 clock.o
 .debug_loclists
                0x000000ab      0x10e console.o
 .debug_loclists
                0x000001b9      0x2b1 lcd-spi.o
 .debug_loclists
                0x0000046a      0xe4b gfx.o
 .debug_loclists
                0x000012b5       0x8c lcd-serial.o
 .debug_loclists
                0x00001341       0xa0 /usr/lib/gcc/arm-none-eabi/12.2.0/../../../../arm-none-eabi/lib/thumb/v7e-m+fp/hard/libm.a(libm_a-s_cos.o)
 .debug_loclists
                0x000013e1       0xae /usr/lib/gcc/arm-none-eabi/12.2.0/../../../../arm-none-eabi/lib/thumb/v7e-m+fp/hard/libm.a(libm_a-s_sin.o)
 .debug_loclists
                0x0000148f      0x1c9 /usr/lib/gcc/arm-none-eabi/12.2.0/../../../../arm-none-eabi/lib/thumb/v7e-m+fp/hard/libm.a(libm_a-k_cos.o)
 .debug_loclists
                0x00001658      0x12d /usr/lib/gcc/arm-none-eabi/12.2.0/../../../../arm-none-eabi/lib/thumb/v7e-m+fp/hard/libm.a(libm_a-k_sin.o)
 .debug_loclists
                0x00001785      0x495 /usr/lib/gcc/arm-none-eabi/12.2.0/../../../../arm-none-eabi/lib/thumb/v7e-m+fp/hard/libm.a(libm_a-e_rem_pio2.o)
 .debug_loclists
                0x00001c1a       0x3c /usr/lib/gcc/arm-none-eabi/12.2.0/../../../../arm-none-eabi/lib/thumb/v7e-m+fp/hard/libm.a(libm_a-s_fabs.o)
 .debug_loclists
                0x00001c56      0xae2 /usr/lib/gcc/arm-none-eabi/12.2.0/../../../../arm-none-eabi/lib/thumb/v7e-m+fp/hard/libm.a(libm_a-k_rem_pio2.o)
 .debug_loclists
                0x00002738      0x140 /usr/lib/gcc/arm-none-eabi/12.2.0/../../../../arm-none-eabi/lib/thumb/v7e-m+fp/hard/libm.a(libm_a-s_scalbn.o)
 .debug_loclists
                0x00002878      0x1bb /usr/lib/gcc/arm-none-eabi/12.2.0/../../../../arm-none-eabi/lib/thumb/v7e-m+fp/hard/libm.a(libm_a-s_floor.o)
 .debug_loclists
                0x00002a33      0x5b4 /home/derianmc/Desktop/STM32_examples/libopencm3-examples/libopencm3/lib/libopencm3_stm32f4.a(fmc_common_f47.o)
 .debug_loclists
                0x00002fe7       0x7e /home/derianmc/Desktop/STM32_examples/libopencm3-examples/libopencm3/lib/libopencm3_stm32f4.a(gpio_common_all.o)
 .debug_loclists
                0x00003065       0xcf /home/derianmc/Desktop/STM32_examples/libopencm3-examples/libopencm3/lib/libopencm3_stm32f4.a(gpio_common_f0234.o)
 .debug_loclists
                0x00003134       0x68 /home/derianmc/Desktop/STM32_examples/libopencm3-examples/libopencm3/lib/libopencm3_stm32f4.a(rcc_common_all.o)
 .debug_loclists
                0x0000319c      0x466 /home/derianmc/Desktop/STM32_examples/libopencm3-examples/libopencm3/lib/libopencm3_stm32f4.a(rcc.o)
 .debug_loclists
                0x00003602       0xe2 /home/derianmc/Desktop/STM32_examples/libopencm3-examples/libopencm3/lib/libopencm3_stm32f4.a(spi_common_all.o)
 .debug_loclists
                0x000036e4       0xbd /home/derianmc/Desktop/STM32_examples/libopencm3-examples/libopencm3/lib/libopencm3_stm32f4.a(spi_common_v1.o)
 .debug_loclists
                0x000037a1       0xe8 /home/derianmc/Desktop/STM32_examples/libopencm3-examples/libopencm3/lib/libopencm3_stm32f4.a(usart_common_all.o)
 .debug_loclists
                0x00003889       0xb6 /home/derianmc/Desktop/STM32_examples/libopencm3-examples/libopencm3/lib/libopencm3_stm32f4.a(vector.o)
 .debug_loclists
                0x0000393f      0x12c /home/derianmc/Desktop/STM32_examples/libopencm3-examples/libopencm3/lib/libopencm3_stm32f4.a(systick.o)
 .debug_loclists
                0x00003a6b       0x23 /home/derianmc/Desktop/STM32_examples/libopencm3-examples/libopencm3/lib/libopencm3_stm32f4.a(scb.o)
 .debug_loclists
                0x00003a8e       0xdb /home/derianmc/Desktop/STM32_examples/libopencm3-examples/libopencm3/lib/libopencm3_stm32f4.a(nvic.o)
 .debug_loclists
                0x00003b69       0x17 /home/derianmc/Desktop/STM32_examples/libopencm3-examples/libopencm3/lib/libopencm3_stm32f4.a(flash_common_all.o)
 .debug_loclists
                0x00003b80       0x37 /home/derianmc/Desktop/STM32_examples/libopencm3-examples/libopencm3/lib/libopencm3_stm32f4.a(pwr.o)

.debug_aranges  0x00000000      0x900
 .debug_aranges
                0x00000000       0x20 sdram.o
 .debug_aranges
                0x00000020       0x38 clock.o
 .debug_aranges
                0x00000058       0x48 console.o
 .debug_aranges
                0x000000a0       0x40 lcd-spi.o
 .debug_aranges
                0x000000e0       0xf8 gfx.o
 .debug_aranges
                0x000001d8       0x20 lcd-serial.o
 .debug_aranges
                0x000001f8       0x28 /home/derianmc/Desktop/STM32_examples/libopencm3-examples/libopencm3/lib/libopencm3_stm32f4.a(fmc_common_f47.o)
 .debug_aranges
                0x00000220       0x50 /home/derianmc/Desktop/STM32_examples/libopencm3-examples/libopencm3/lib/libopencm3_stm32f4.a(gpio_common_all.o)
 .debug_aranges
                0x00000270       0x30 /home/derianmc/Desktop/STM32_examples/libopencm3-examples/libopencm3/lib/libopencm3_stm32f4.a(gpio_common_f0234.o)
 .debug_aranges
                0x000002a0       0x80 /home/derianmc/Desktop/STM32_examples/libopencm3-examples/libopencm3/lib/libopencm3_stm32f4.a(rcc_common_all.o)
 .debug_aranges
                0x00000320      0x110 /home/derianmc/Desktop/STM32_examples/libopencm3-examples/libopencm3/lib/libopencm3_stm32f4.a(rcc.o)
 .debug_aranges
                0x00000430      0x170 /home/derianmc/Desktop/STM32_examples/libopencm3-examples/libopencm3/lib/libopencm3_stm32f4.a(spi_common_all.o)
 .debug_aranges
                0x000005a0       0x30 /home/derianmc/Desktop/STM32_examples/libopencm3-examples/libopencm3/lib/libopencm3_stm32f4.a(spi_common_v1.o)
 .debug_aranges
                0x000005d0       0xd8 /home/derianmc/Desktop/STM32_examples/libopencm3-examples/libopencm3/lib/libopencm3_stm32f4.a(usart_common_all.o)
 .debug_aranges
                0x000006a8       0x30 /home/derianmc/Desktop/STM32_examples/libopencm3-examples/libopencm3/lib/libopencm3_stm32f4.a(vector.o)
 .debug_aranges
                0x000006d8       0x78 /home/derianmc/Desktop/STM32_examples/libopencm3-examples/libopencm3/lib/libopencm3_stm32f4.a(systick.o)
 .debug_aranges
                0x00000750       0x30 /home/derianmc/Desktop/STM32_examples/libopencm3-examples/libopencm3/lib/libopencm3_stm32f4.a(scb.o)
 .debug_aranges
                0x00000780       0x60 /home/derianmc/Desktop/STM32_examples/libopencm3-examples/libopencm3/lib/libopencm3_stm32f4.a(nvic.o)
 .debug_aranges
                0x000007e0       0x38 /home/derianmc/Desktop/STM32_examples/libopencm3-examples/libopencm3/lib/libopencm3_stm32f4.a(flash_common_all.o)
 .debug_aranges
                0x00000818       0x48 /home/derianmc/Desktop/STM32_examples/libopencm3-examples/libopencm3/lib/libopencm3_stm32f4.a(flash_common_idcache.o)
 .debug_aranges
                0x00000860       0x20 /home/derianmc/Desktop/STM32_examples/libopencm3-examples/libopencm3/lib/libopencm3_stm32f4.a(pwr.o)
 .debug_aranges
                0x00000880       0x20 /usr/lib/gcc/arm-none-eabi/12.2.0/thumb/v7e-m+fp/hard/libgcc.a(_arm_addsubdf3.o)
 .debug_aranges
                0x000008a0       0x20 /usr/lib/gcc/arm-none-eabi/12.2.0/thumb/v7e-m+fp/hard/libgcc.a(_arm_muldivdf3.o)
 .debug_aranges
                0x000008c0       0x20 /usr/lib/gcc/arm-none-eabi/12.2.0/thumb/v7e-m+fp/hard/libgcc.a(_arm_cmpdf2.o)
 .debug_aranges
                0x000008e0       0x20 /usr/lib/gcc/arm-none-eabi/12.2.0/thumb/v7e-m+fp/hard/libgcc.a(_arm_fixdfsi.o)

.debug_rnglists
                0x00000000      0x79f
 .debug_rnglists
                0x00000000       0x14 sdram.o
 .debug_rnglists
                0x00000014       0x25 clock.o
 .debug_rnglists
                0x00000039       0x32 console.o
 .debug_rnglists
                0x0000006b       0x6f lcd-spi.o
 .debug_rnglists
                0x000000da       0xc9 gfx.o
 .debug_rnglists
                0x000001a3       0x14 lcd-serial.o
 .debug_rnglists
                0x000001b7       0x14 /usr/lib/gcc/arm-none-eabi/12.2.0/../../../../arm-none-eabi/lib/thumb/v7e-m+fp/hard/libm.a(libm_a-s_cos.o)
 .debug_rnglists
                0x000001cb       0x14 /usr/lib/gcc/arm-none-eabi/12.2.0/../../../../arm-none-eabi/lib/thumb/v7e-m+fp/hard/libm.a(libm_a-s_sin.o)
 .debug_rnglists
                0x000001df       0x20 /usr/lib/gcc/arm-none-eabi/12.2.0/../../../../arm-none-eabi/lib/thumb/v7e-m+fp/hard/libm.a(libm_a-k_cos.o)
 .debug_rnglists
                0x000001ff       0x14 /usr/lib/gcc/arm-none-eabi/12.2.0/../../../../arm-none-eabi/lib/thumb/v7e-m+fp/hard/libm.a(libm_a-k_sin.o)
 .debug_rnglists
                0x00000213       0x44 /usr/lib/gcc/arm-none-eabi/12.2.0/../../../../arm-none-eabi/lib/thumb/v7e-m+fp/hard/libm.a(libm_a-e_rem_pio2.o)
 .debug_rnglists
                0x00000257       0x13 /usr/lib/gcc/arm-none-eabi/12.2.0/../../../../arm-none-eabi/lib/thumb/v7e-m+fp/hard/libm.a(libm_a-s_fabs.o)
 .debug_rnglists
                0x0000026a       0x14 /usr/lib/gcc/arm-none-eabi/12.2.0/../../../../arm-none-eabi/lib/thumb/v7e-m+fp/hard/libm.a(libm_a-k_rem_pio2.o)
 .debug_rnglists
                0x0000027e       0x2c /usr/lib/gcc/arm-none-eabi/12.2.0/../../../../arm-none-eabi/lib/thumb/v7e-m+fp/hard/libm.a(libm_a-s_scalbn.o)
 .debug_rnglists
                0x000002aa       0x34 /usr/lib/gcc/arm-none-eabi/12.2.0/../../../../arm-none-eabi/lib/thumb/v7e-m+fp/hard/libm.a(libm_a-s_floor.o)
 .debug_rnglists
                0x000002de       0x19 /home/derianmc/Desktop/STM32_examples/libopencm3-examples/libopencm3/lib/libopencm3_stm32f4.a(fmc_common_f47.o)
 .debug_rnglists
                0x000002f7       0x37 /home/derianmc/Desktop/STM32_examples/libopencm3-examples/libopencm3/lib/libopencm3_stm32f4.a(gpio_common_all.o)
 .debug_rnglists
                0x0000032e       0x1f /home/derianmc/Desktop/STM32_examples/libopencm3-examples/libopencm3/lib/libopencm3_stm32f4.a(gpio_common_f0234.o)
 .debug_rnglists
                0x0000034d       0x5b /home/derianmc/Desktop/STM32_examples/libopencm3-examples/libopencm3/lib/libopencm3_stm32f4.a(rcc_common_all.o)
 .debug_rnglists
                0x000003a8       0xe0 /home/derianmc/Desktop/STM32_examples/libopencm3-examples/libopencm3/lib/libopencm3_stm32f4.a(rcc.o)
 .debug_rnglists
                0x00000488      0x10f /home/derianmc/Desktop/STM32_examples/libopencm3-examples/libopencm3/lib/libopencm3_stm32f4.a(spi_common_all.o)
 .debug_rnglists
                0x00000597       0x1f /home/derianmc/Desktop/STM32_examples/libopencm3-examples/libopencm3/lib/libopencm3_stm32f4.a(spi_common_v1.o)
 .debug_rnglists
                0x000005b6       0x9d /home/derianmc/Desktop/STM32_examples/libopencm3-examples/libopencm3/lib/libopencm3_stm32f4.a(usart_common_all.o)
 .debug_rnglists
                0x00000653       0x20 /home/derianmc/Desktop/STM32_examples/libopencm3-examples/libopencm3/lib/libopencm3_stm32f4.a(vector.o)
 .debug_rnglists
                0x00000673       0x61 /home/derianmc/Desktop/STM32_examples/libopencm3-examples/libopencm3/lib/libopencm3_stm32f4.a(systick.o)
 .debug_rnglists
                0x000006d4       0x1f /home/derianmc/Desktop/STM32_examples/libopencm3-examples/libopencm3/lib/libopencm3_stm32f4.a(scb.o)
 .debug_rnglists
                0x000006f3       0x43 /home/derianmc/Desktop/STM32_examples/libopencm3-examples/libopencm3/lib/libopencm3_stm32f4.a(nvic.o)
 .debug_rnglists
                0x00000736       0x25 /home/derianmc/Desktop/STM32_examples/libopencm3-examples/libopencm3/lib/libopencm3_stm32f4.a(flash_common_all.o)
 .debug_rnglists
                0x0000075b       0x31 /home/derianmc/Desktop/STM32_examples/libopencm3-examples/libopencm3/lib/libopencm3_stm32f4.a(flash_common_idcache.o)
 .debug_rnglists
                0x0000078c       0x13 /home/derianmc/Desktop/STM32_examples/libopencm3-examples/libopencm3/lib/libopencm3_stm32f4.a(pwr.o)

.debug_macro    0x00000000     0x63c4
 .debug_macro   0x00000000      0x140 sdram.o
 .debug_macro   0x00000140      0xaa8 sdram.o
 .debug_macro   0x00000be8       0x22 sdram.o
 .debug_macro   0x00000c0a       0x56 sdram.o
 .debug_macro   0x00000c60       0x51 sdram.o
 .debug_macro   0x00000cb1      0x103 sdram.o
 .debug_macro   0x00000db4       0x6a sdram.o
 .debug_macro   0x00000e1e      0x1df sdram.o
 .debug_macro   0x00000ffd       0x1c sdram.o
 .debug_macro   0x00001019       0x22 sdram.o
 .debug_macro   0x0000103b       0xe8 sdram.o
 .debug_macro   0x00001123       0x76 sdram.o
 .debug_macro   0x00001199      0x280 sdram.o
 .debug_macro   0x00001419       0x76 sdram.o
 .debug_macro   0x0000148f      0x37e sdram.o
 .debug_macro   0x0000180d       0xca sdram.o
 .debug_macro   0x000018d7       0x8e sdram.o
 .debug_macro   0x00001965       0x46 sdram.o
 .debug_macro   0x000019ab      0xcea sdram.o
 .debug_macro   0x00002695      0x285 sdram.o
 .debug_macro   0x0000291a      0x2b3 sdram.o
 .debug_macro   0x00002bcd       0x16 sdram.o
 .debug_macro   0x00002be3      0x10a clock.o
 .debug_macro   0x00002ced       0x6e clock.o
 .debug_macro   0x00002d5b      0x22c clock.o
 .debug_macro   0x00002f87       0x6f clock.o
 .debug_macro   0x00002ff6      0x1e6 console.o
 .debug_macro   0x000031dc       0x74 console.o
 .debug_macro   0x00003250       0x2a console.o
 .debug_macro   0x0000327a       0x3c console.o
 .debug_macro   0x000032b6       0x34 console.o
 .debug_macro   0x000032ea       0x10 console.o
 .debug_macro   0x000032fa       0x94 console.o
 .debug_macro   0x0000338e      0x29e console.o
 .debug_macro   0x0000362c       0xa0 console.o
 .debug_macro   0x000036cc       0x70 console.o
 .debug_macro   0x0000373c      0x458 console.o
 .debug_macro   0x00003b94       0x1f console.o
 .debug_macro   0x00003bb3       0x16 console.o
 .debug_macro   0x00003bc9      0x17a lcd-spi.o
 .debug_macro   0x00003d43      0x2eb lcd-spi.o
 .debug_macro   0x0000402e       0x16 lcd-spi.o
 .debug_macro   0x00004044       0x22 lcd-spi.o
 .debug_macro   0x00004066       0x76 lcd-spi.o
 .debug_macro   0x000040dc      0x14d gfx.o
 .debug_macro   0x00004229      0x182 gfx.o
 .debug_macro   0x000043ab       0x16 gfx.o
 .debug_macro   0x000043c1       0x43 gfx.o
 .debug_macro   0x00004404       0x34 gfx.o
 .debug_macro   0x00004438       0x10 gfx.o
 .debug_macro   0x00004448       0x58 gfx.o
 .debug_macro   0x000044a0      0x1de gfx.o
 .debug_macro   0x0000467e      0x385 gfx.o
 .debug_macro   0x00004a03       0xec gfx.o
 .debug_macro   0x00004aef       0x16 gfx.o
 .debug_macro   0x00004b05       0x35 gfx.o
 .debug_macro   0x00004b3a       0x22 gfx.o
 .debug_macro   0x00004b5c       0x58 gfx.o
 .debug_macro   0x00004bb4       0x16 gfx.o
 .debug_macro   0x00004bca      0x138 lcd-serial.o
 .debug_macro   0x00004d02       0x10 lcd-serial.o
 .debug_macro   0x00004d12       0xbe /home/derianmc/Desktop/STM32_examples/libopencm3-examples/libopencm3/lib/libopencm3_stm32f4.a(fmc_common_f47.o)
 .debug_macro   0x00004dd0       0xd1 /home/derianmc/Desktop/STM32_examples/libopencm3-examples/libopencm3/lib/libopencm3_stm32f4.a(gpio_common_all.o)
 .debug_macro   0x00004ea1       0xd1 /home/derianmc/Desktop/STM32_examples/libopencm3-examples/libopencm3/lib/libopencm3_stm32f4.a(gpio_common_f0234.o)
 .debug_macro   0x00004f72       0xf0 /home/derianmc/Desktop/STM32_examples/libopencm3-examples/libopencm3/lib/libopencm3_stm32f4.a(rcc_common_all.o)
 .debug_macro   0x00005062      0x124 /home/derianmc/Desktop/STM32_examples/libopencm3-examples/libopencm3/lib/libopencm3_stm32f4.a(rcc.o)
 .debug_macro   0x00005186       0x16 /home/derianmc/Desktop/STM32_examples/libopencm3-examples/libopencm3/lib/libopencm3_stm32f4.a(rcc.o)
 .debug_macro   0x0000519c       0x1c /home/derianmc/Desktop/STM32_examples/libopencm3-examples/libopencm3/lib/libopencm3_stm32f4.a(rcc.o)
 .debug_macro   0x000051b8      0x143 /home/derianmc/Desktop/STM32_examples/libopencm3-examples/libopencm3/lib/libopencm3_stm32f4.a(rcc.o)
 .debug_macro   0x000052fb       0x10 /home/derianmc/Desktop/STM32_examples/libopencm3-examples/libopencm3/lib/libopencm3_stm32f4.a(rcc.o)
 .debug_macro   0x0000530b       0xff /home/derianmc/Desktop/STM32_examples/libopencm3-examples/libopencm3/lib/libopencm3_stm32f4.a(spi_common_all.o)
 .debug_macro   0x0000540a       0xff /home/derianmc/Desktop/STM32_examples/libopencm3-examples/libopencm3/lib/libopencm3_stm32f4.a(spi_common_v1.o)
 .debug_macro   0x00005509      0x10b /home/derianmc/Desktop/STM32_examples/libopencm3-examples/libopencm3/lib/libopencm3_stm32f4.a(usart_common_all.o)
 .debug_macro   0x00005614       0xd3 /home/derianmc/Desktop/STM32_examples/libopencm3-examples/libopencm3/lib/libopencm3_stm32f4.a(vector.o)
 .debug_macro   0x000056e7      0x452 /home/derianmc/Desktop/STM32_examples/libopencm3-examples/libopencm3/lib/libopencm3_stm32f4.a(vector.o)
 .debug_macro   0x00005b39       0x92 /home/derianmc/Desktop/STM32_examples/libopencm3-examples/libopencm3/lib/libopencm3_stm32f4.a(systick.o)
 .debug_macro   0x00005bcb       0x69 /home/derianmc/Desktop/STM32_examples/libopencm3-examples/libopencm3/lib/libopencm3_stm32f4.a(systick.o)
 .debug_macro   0x00005c34      0x145 /home/derianmc/Desktop/STM32_examples/libopencm3-examples/libopencm3/lib/libopencm3_stm32f4.a(scb.o)
 .debug_macro   0x00005d79       0x6e /home/derianmc/Desktop/STM32_examples/libopencm3-examples/libopencm3/lib/libopencm3_stm32f4.a(scb.o)
 .debug_macro   0x00005de7       0x5c /home/derianmc/Desktop/STM32_examples/libopencm3-examples/libopencm3/lib/libopencm3_stm32f4.a(scb.o)
 .debug_macro   0x00005e43      0x11c /home/derianmc/Desktop/STM32_examples/libopencm3-examples/libopencm3/lib/libopencm3_stm32f4.a(scb.o)
 .debug_macro   0x00005f5f       0x8d /home/derianmc/Desktop/STM32_examples/libopencm3-examples/libopencm3/lib/libopencm3_stm32f4.a(scb.o)
 .debug_macro   0x00005fec       0x57 /home/derianmc/Desktop/STM32_examples/libopencm3-examples/libopencm3/lib/libopencm3_stm32f4.a(scb.o)
 .debug_macro   0x00006043       0xb3 /home/derianmc/Desktop/STM32_examples/libopencm3-examples/libopencm3/lib/libopencm3_stm32f4.a(nvic.o)
 .debug_macro   0x000060f6       0x68 /home/derianmc/Desktop/STM32_examples/libopencm3-examples/libopencm3/lib/libopencm3_stm32f4.a(nvic.o)
 .debug_macro   0x0000615e       0xd7 /home/derianmc/Desktop/STM32_examples/libopencm3-examples/libopencm3/lib/libopencm3_stm32f4.a(flash_common_all.o)
 .debug_macro   0x00006235       0xd7 /home/derianmc/Desktop/STM32_examples/libopencm3-examples/libopencm3/lib/libopencm3_stm32f4.a(flash_common_idcache.o)
 .debug_macro   0x0000630c       0xb8 /home/derianmc/Desktop/STM32_examples/libopencm3-examples/libopencm3/lib/libopencm3_stm32f4.a(pwr.o)

.debug_line     0x00000000     0x6b7c
 .debug_line    0x00000000      0x476 sdram.o
 .debug_line    0x00000476      0x447 clock.o
 .debug_line    0x000008bd      0x72b console.o
 .debug_line    0x00000fe8      0x73f lcd-spi.o
 .debug_line    0x00001727      0xd71 gfx.o
 .debug_line    0x00002498      0x3c6 lcd-serial.o
 .debug_line    0x0000285e      0x318 /home/derianmc/Desktop/STM32_examples/libopencm3-examples/libopencm3/lib/libopencm3_stm32f4.a(fmc_common_f47.o)
 .debug_line    0x00002b76      0x360 /home/derianmc/Desktop/STM32_examples/libopencm3-examples/libopencm3/lib/libopencm3_stm32f4.a(gpio_common_all.o)
 .debug_line    0x00002ed6      0x430 /home/derianmc/Desktop/STM32_examples/libopencm3-examples/libopencm3/lib/libopencm3_stm32f4.a(gpio_common_f0234.o)
 .debug_line    0x00003306      0x3fe /home/derianmc/Desktop/STM32_examples/libopencm3-examples/libopencm3/lib/libopencm3_stm32f4.a(rcc_common_all.o)
 .debug_line    0x00003704      0xa36 /home/derianmc/Desktop/STM32_examples/libopencm3-examples/libopencm3/lib/libopencm3_stm32f4.a(rcc.o)
 .debug_line    0x0000413a      0x85d /home/derianmc/Desktop/STM32_examples/libopencm3-examples/libopencm3/lib/libopencm3_stm32f4.a(spi_common_all.o)
 .debug_line    0x00004997      0x324 /home/derianmc/Desktop/STM32_examples/libopencm3-examples/libopencm3/lib/libopencm3_stm32f4.a(spi_common_v1.o)
 .debug_line    0x00004cbb      0x5e6 /home/derianmc/Desktop/STM32_examples/libopencm3-examples/libopencm3/lib/libopencm3_stm32f4.a(usart_common_all.o)
 .debug_line    0x000052a1      0x3b2 /home/derianmc/Desktop/STM32_examples/libopencm3-examples/libopencm3/lib/libopencm3_stm32f4.a(vector.o)
 .debug_line    0x00005653      0x328 /home/derianmc/Desktop/STM32_examples/libopencm3-examples/libopencm3/lib/libopencm3_stm32f4.a(systick.o)
 .debug_line    0x0000597b      0x26e /home/derianmc/Desktop/STM32_examples/libopencm3-examples/libopencm3/lib/libopencm3_stm32f4.a(scb.o)
 .debug_line    0x00005be9      0x339 /home/derianmc/Desktop/STM32_examples/libopencm3-examples/libopencm3/lib/libopencm3_stm32f4.a(nvic.o)
 .debug_line    0x00005f22      0x300 /home/derianmc/Desktop/STM32_examples/libopencm3-examples/libopencm3/lib/libopencm3_stm32f4.a(flash_common_all.o)
 .debug_line    0x00006222      0x319 /home/derianmc/Desktop/STM32_examples/libopencm3-examples/libopencm3/lib/libopencm3_stm32f4.a(flash_common_idcache.o)
 .debug_line    0x0000653b      0x246 /home/derianmc/Desktop/STM32_examples/libopencm3-examples/libopencm3/lib/libopencm3_stm32f4.a(pwr.o)
 .debug_line    0x00006781      0x16f /usr/lib/gcc/arm-none-eabi/12.2.0/thumb/v7e-m+fp/hard/libgcc.a(_arm_addsubdf3.o)
 .debug_line    0x000068f0      0x184 /usr/lib/gcc/arm-none-eabi/12.2.0/thumb/v7e-m+fp/hard/libgcc.a(_arm_muldivdf3.o)
 .debug_line    0x00006a74       0xa6 /usr/lib/gcc/arm-none-eabi/12.2.0/thumb/v7e-m+fp/hard/libgcc.a(_arm_cmpdf2.o)
 .debug_line    0x00006b1a       0x62 /usr/lib/gcc/arm-none-eabi/12.2.0/thumb/v7e-m+fp/hard/libgcc.a(_arm_fixdfsi.o)

.debug_str      0x00000000    0x16ff9
 .debug_str     0x00000000     0xc30b sdram.o
                               0xc4b7 (size before relaxing)
 .debug_str     0x0000c30b      0xd4e clock.o
                               0x9deb (size before relaxing)
 .debug_str     0x0000d059     0x2ebc console.o
                               0xe2b6 (size before relaxing)
 .debug_str     0x0000ff15     0x1091 lcd-spi.o
                               0xc537 (size before relaxing)
 .debug_str     0x00010fa6     0x34e2 gfx.o
                               0x759a (size before relaxing)
 .debug_str     0x00014488       0x6e lcd-serial.o
                               0x74f7 (size before relaxing)
 .debug_str     0x000144f6      0x131 /home/derianmc/Desktop/STM32_examples/libopencm3-examples/libopencm3/lib/libopencm3_stm32f4.a(fmc_common_f47.o)
                               0x6c97 (size before relaxing)
 .debug_str     0x00014627       0x7b /home/derianmc/Desktop/STM32_examples/libopencm3-examples/libopencm3/lib/libopencm3_stm32f4.a(gpio_common_all.o)
                               0x668b (size before relaxing)
 .debug_str     0x000146a2       0x61 /home/derianmc/Desktop/STM32_examples/libopencm3-examples/libopencm3/lib/libopencm3_stm32f4.a(gpio_common_f0234.o)
                               0x66ad (size before relaxing)
 .debug_str     0x00014703      0x475 /home/derianmc/Desktop/STM32_examples/libopencm3-examples/libopencm3/lib/libopencm3_stm32f4.a(rcc_common_all.o)
                               0x9a4a (size before relaxing)
 .debug_str     0x00014b78      0xb51 /home/derianmc/Desktop/STM32_examples/libopencm3-examples/libopencm3/lib/libopencm3_stm32f4.a(rcc.o)
                               0xa2bf (size before relaxing)
 .debug_str     0x000156c9      0x3e1 /home/derianmc/Desktop/STM32_examples/libopencm3-examples/libopencm3/lib/libopencm3_stm32f4.a(spi_common_all.o)
                               0xa208 (size before relaxing)
 .debug_str     0x00015aaa       0x50 /home/derianmc/Desktop/STM32_examples/libopencm3-examples/libopencm3/lib/libopencm3_stm32f4.a(spi_common_v1.o)
                               0x9e25 (size before relaxing)
 .debug_str     0x00015afa      0x1fe /home/derianmc/Desktop/STM32_examples/libopencm3-examples/libopencm3/lib/libopencm3_stm32f4.a(usart_common_all.o)
                               0xa4e4 (size before relaxing)
 .debug_str     0x00015cf8      0xe78 /home/derianmc/Desktop/STM32_examples/libopencm3-examples/libopencm3/lib/libopencm3_stm32f4.a(vector.o)
                               0x6f40 (size before relaxing)
 .debug_str     0x00016b70       0xbd /home/derianmc/Desktop/STM32_examples/libopencm3-examples/libopencm3/lib/libopencm3_stm32f4.a(systick.o)
                               0x45a3 (size before relaxing)
 .debug_str     0x00016c2d       0x42 /home/derianmc/Desktop/STM32_examples/libopencm3-examples/libopencm3/lib/libopencm3_stm32f4.a(scb.o)
                               0x8689 (size before relaxing)
 .debug_str     0x00016c6f       0xc4 /home/derianmc/Desktop/STM32_examples/libopencm3-examples/libopencm3/lib/libopencm3_stm32f4.a(nvic.o)
                               0x61c0 (size before relaxing)
 .debug_str     0x00016d33       0x64 /home/derianmc/Desktop/STM32_examples/libopencm3-examples/libopencm3/lib/libopencm3_stm32f4.a(flash_common_all.o)
                               0x59e2 (size before relaxing)
 .debug_str     0x00016d97       0x47 /home/derianmc/Desktop/STM32_examples/libopencm3-examples/libopencm3/lib/libopencm3_stm32f4.a(flash_common_idcache.o)
                               0x5a04 (size before relaxing)
 .debug_str     0x00016dde        0x6 /home/derianmc/Desktop/STM32_examples/libopencm3-examples/libopencm3/lib/libopencm3_stm32f4.a(pwr.o)
                               0x565e (size before relaxing)
 .debug_str     0x00016de4      0x144 /usr/lib/gcc/arm-none-eabi/12.2.0/thumb/v7e-m+fp/hard/libgcc.a(_arm_addsubdf3.o)
                                0x15d (size before relaxing)
 .debug_str     0x00016f28       0x12 /usr/lib/gcc/arm-none-eabi/12.2.0/thumb/v7e-m+fp/hard/libgcc.a(_arm_muldivdf3.o)
                                 0xcf (size before relaxing)
 .debug_str     0x00016f3a       0xb5 /usr/lib/gcc/arm-none-eabi/12.2.0/thumb/v7e-m+fp/hard/libgcc.a(_arm_cmpdf2.o)
                                0x158 (size before relaxing)
 .debug_str     0x00016fef        0xa /usr/lib/gcc/arm-none-eabi/12.2.0/thumb/v7e-m+fp/hard/libgcc.a(_arm_fixdfsi.o)
                                 0xba (size before relaxing)

.comment        0x00000000       0x1e
 .comment       0x00000000       0x1e sdram.o
                                 0x1f (size before relaxing)
 .comment       0x0000001e       0x1f clock.o
 .comment       0x0000001e       0x1f console.o
 .comment       0x0000001e       0x1f lcd-spi.o
 .comment       0x0000001e       0x1f gfx.o
 .comment       0x0000001e       0x1f lcd-serial.o
 .comment       0x0000001e       0x1f /home/derianmc/Desktop/STM32_examples/libopencm3-examples/libopencm3/lib/libopencm3_stm32f4.a(fmc_common_f47.o)
 .comment       0x0000001e       0x1f /home/derianmc/Desktop/STM32_examples/libopencm3-examples/libopencm3/lib/libopencm3_stm32f4.a(gpio_common_all.o)
 .comment       0x0000001e       0x1f /home/derianmc/Desktop/STM32_examples/libopencm3-examples/libopencm3/lib/libopencm3_stm32f4.a(gpio_common_f0234.o)
 .comment       0x0000001e       0x1f /home/derianmc/Desktop/STM32_examples/libopencm3-examples/libopencm3/lib/libopencm3_stm32f4.a(rcc_common_all.o)
 .comment       0x0000001e       0x1f /home/derianmc/Desktop/STM32_examples/libopencm3-examples/libopencm3/lib/libopencm3_stm32f4.a(rcc.o)
 .comment       0x0000001e       0x1f /home/derianmc/Desktop/STM32_examples/libopencm3-examples/libopencm3/lib/libopencm3_stm32f4.a(spi_common_all.o)
 .comment       0x0000001e       0x1f /home/derianmc/Desktop/STM32_examples/libopencm3-examples/libopencm3/lib/libopencm3_stm32f4.a(spi_common_v1.o)
 .comment       0x0000001e       0x1f /home/derianmc/Desktop/STM32_examples/libopencm3-examples/libopencm3/lib/libopencm3_stm32f4.a(usart_common_all.o)
 .comment       0x0000001e       0x1f /home/derianmc/Desktop/STM32_examples/libopencm3-examples/libopencm3/lib/libopencm3_stm32f4.a(vector.o)
 .comment       0x0000001e       0x1f /home/derianmc/Desktop/STM32_examples/libopencm3-examples/libopencm3/lib/libopencm3_stm32f4.a(systick.o)
 .comment       0x0000001e       0x1f /home/derianmc/Desktop/STM32_examples/libopencm3-examples/libopencm3/lib/libopencm3_stm32f4.a(scb.o)
 .comment       0x0000001e       0x1f /home/derianmc/Desktop/STM32_examples/libopencm3-examples/libopencm3/lib/libopencm3_stm32f4.a(nvic.o)
 .comment       0x0000001e       0x1f /home/derianmc/Desktop/STM32_examples/libopencm3-examples/libopencm3/lib/libopencm3_stm32f4.a(flash_common_all.o)
 .comment       0x0000001e       0x1f /home/derianmc/Desktop/STM32_examples/libopencm3-examples/libopencm3/lib/libopencm3_stm32f4.a(flash_common_idcache.o)
 .comment       0x0000001e       0x1f /home/derianmc/Desktop/STM32_examples/libopencm3-examples/libopencm3/lib/libopencm3_stm32f4.a(pwr.o)

.ARM.attributes
                0x00000000       0x34
 .ARM.attributes
                0x00000000       0x34 sdram.o
 .ARM.attributes
                0x00000034       0x34 clock.o
 .ARM.attributes
                0x00000068       0x34 console.o
 .ARM.attributes
                0x0000009c       0x34 lcd-spi.o
 .ARM.attributes
                0x000000d0       0x34 gfx.o
 .ARM.attributes
                0x00000104       0x34 lcd-serial.o
 .ARM.attributes
                0x00000138       0x34 /usr/lib/gcc/arm-none-eabi/12.2.0/../../../../arm-none-eabi/lib/thumb/v7e-m+fp/hard/libm.a(libm_a-s_cos.o)
 .ARM.attributes
                0x0000016c       0x34 /usr/lib/gcc/arm-none-eabi/12.2.0/../../../../arm-none-eabi/lib/thumb/v7e-m+fp/hard/libm.a(libm_a-s_sin.o)
 .ARM.attributes
                0x000001a0       0x34 /usr/lib/gcc/arm-none-eabi/12.2.0/../../../../arm-none-eabi/lib/thumb/v7e-m+fp/hard/libm.a(libm_a-k_cos.o)
 .ARM.attributes
                0x000001d4       0x34 /usr/lib/gcc/arm-none-eabi/12.2.0/../../../../arm-none-eabi/lib/thumb/v7e-m+fp/hard/libm.a(libm_a-k_sin.o)
 .ARM.attributes
                0x00000208       0x34 /usr/lib/gcc/arm-none-eabi/12.2.0/../../../../arm-none-eabi/lib/thumb/v7e-m+fp/hard/libm.a(libm_a-e_rem_pio2.o)
 .ARM.attributes
                0x0000023c       0x34 /usr/lib/gcc/arm-none-eabi/12.2.0/../../../../arm-none-eabi/lib/thumb/v7e-m+fp/hard/libm.a(libm_a-s_fabs.o)
 .ARM.attributes
                0x00000270       0x34 /usr/lib/gcc/arm-none-eabi/12.2.0/../../../../arm-none-eabi/lib/thumb/v7e-m+fp/hard/libm.a(libm_a-k_rem_pio2.o)
 .ARM.attributes
                0x000002a4       0x34 /usr/lib/gcc/arm-none-eabi/12.2.0/../../../../arm-none-eabi/lib/thumb/v7e-m+fp/hard/libm.a(libm_a-s_scalbn.o)
 .ARM.attributes
                0x000002d8       0x34 /usr/lib/gcc/arm-none-eabi/12.2.0/../../../../arm-none-eabi/lib/thumb/v7e-m+fp/hard/libm.a(libm_a-s_floor.o)
 .ARM.attributes
                0x0000030c       0x34 /home/derianmc/Desktop/STM32_examples/libopencm3-examples/libopencm3/lib/libopencm3_stm32f4.a(fmc_common_f47.o)
 .ARM.attributes
                0x00000340       0x34 /home/derianmc/Desktop/STM32_examples/libopencm3-examples/libopencm3/lib/libopencm3_stm32f4.a(gpio_common_all.o)
 .ARM.attributes
                0x00000374       0x34 /home/derianmc/Desktop/STM32_examples/libopencm3-examples/libopencm3/lib/libopencm3_stm32f4.a(gpio_common_f0234.o)
 .ARM.attributes
                0x000003a8       0x34 /home/derianmc/Desktop/STM32_examples/libopencm3-examples/libopencm3/lib/libopencm3_stm32f4.a(rcc_common_all.o)
 .ARM.attributes
                0x000003dc       0x34 /home/derianmc/Desktop/STM32_examples/libopencm3-examples/libopencm3/lib/libopencm3_stm32f4.a(rcc.o)
 .ARM.attributes
                0x00000410       0x34 /home/derianmc/Desktop/STM32_examples/libopencm3-examples/libopencm3/lib/libopencm3_stm32f4.a(spi_common_all.o)
 .ARM.attributes
                0x00000444       0x34 /home/derianmc/Desktop/STM32_examples/libopencm3-examples/libopencm3/lib/libopencm3_stm32f4.a(spi_common_v1.o)
 .ARM.attributes
                0x00000478       0x34 /home/derianmc/Desktop/STM32_examples/libopencm3-examples/libopencm3/lib/libopencm3_stm32f4.a(usart_common_all.o)
 .ARM.attributes
                0x000004ac       0x34 /home/derianmc/Desktop/STM32_examples/libopencm3-examples/libopencm3/lib/libopencm3_stm32f4.a(vector.o)
 .ARM.attributes
                0x000004e0       0x34 /home/derianmc/Desktop/STM32_examples/libopencm3-examples/libopencm3/lib/libopencm3_stm32f4.a(systick.o)
 .ARM.attributes
                0x00000514       0x34 /home/derianmc/Desktop/STM32_examples/libopencm3-examples/libopencm3/lib/libopencm3_stm32f4.a(scb.o)
 .ARM.attributes
                0x00000548       0x34 /home/derianmc/Desktop/STM32_examples/libopencm3-examples/libopencm3/lib/libopencm3_stm32f4.a(nvic.o)
 .ARM.attributes
                0x0000057c       0x34 /home/derianmc/Desktop/STM32_examples/libopencm3-examples/libopencm3/lib/libopencm3_stm32f4.a(flash_common_all.o)
 .ARM.attributes
                0x000005b0       0x34 /home/derianmc/Desktop/STM32_examples/libopencm3-examples/libopencm3/lib/libopencm3_stm32f4.a(flash_common_idcache.o)
 .ARM.attributes
                0x000005e4       0x34 /home/derianmc/Desktop/STM32_examples/libopencm3-examples/libopencm3/lib/libopencm3_stm32f4.a(pwr.o)
 .ARM.attributes
                0x00000618       0x22 /usr/lib/gcc/arm-none-eabi/12.2.0/thumb/v7e-m+fp/hard/libgcc.a(_arm_addsubdf3.o)
 .ARM.attributes
                0x0000063a       0x22 /usr/lib/gcc/arm-none-eabi/12.2.0/thumb/v7e-m+fp/hard/libgcc.a(_arm_muldivdf3.o)
 .ARM.attributes
                0x0000065c       0x22 /usr/lib/gcc/arm-none-eabi/12.2.0/thumb/v7e-m+fp/hard/libgcc.a(_arm_cmpdf2.o)
 .ARM.attributes
                0x0000067e       0x22 /usr/lib/gcc/arm-none-eabi/12.2.0/thumb/v7e-m+fp/hard/libgcc.a(_arm_fixdfsi.o)

.debug_frame    0x00000000     0x15dc
 .debug_frame   0x00000000       0x30 sdram.o
 .debug_frame   0x00000030       0x5c clock.o
 .debug_frame   0x0000008c       0xa8 console.o
 .debug_frame   0x00000134       0xc8 lcd-spi.o
 .debug_frame   0x000001fc      0x3b0 gfx.o
 .debug_frame   0x000005ac       0x44 lcd-serial.o
 .debug_frame   0x000005f0       0x40 /usr/lib/gcc/arm-none-eabi/12.2.0/../../../../arm-none-eabi/lib/thumb/v7e-m+fp/hard/libm.a(libm_a-s_cos.o)
 .debug_frame   0x00000630       0x3c /usr/lib/gcc/arm-none-eabi/12.2.0/../../../../arm-none-eabi/lib/thumb/v7e-m+fp/hard/libm.a(libm_a-s_sin.o)
 .debug_frame   0x0000066c       0x4c /usr/lib/gcc/arm-none-eabi/12.2.0/../../../../arm-none-eabi/lib/thumb/v7e-m+fp/hard/libm.a(libm_a-k_cos.o)
 .debug_frame   0x000006b8       0x48 /usr/lib/gcc/arm-none-eabi/12.2.0/../../../../arm-none-eabi/lib/thumb/v7e-m+fp/hard/libm.a(libm_a-k_sin.o)
 .debug_frame   0x00000700       0x40 /usr/lib/gcc/arm-none-eabi/12.2.0/../../../../arm-none-eabi/lib/thumb/v7e-m+fp/hard/libm.a(libm_a-e_rem_pio2.o)
 .debug_frame   0x00000740       0x20 /usr/lib/gcc/arm-none-eabi/12.2.0/../../../../arm-none-eabi/lib/thumb/v7e-m+fp/hard/libm.a(libm_a-s_fabs.o)
 .debug_frame   0x00000760       0x58 /usr/lib/gcc/arm-none-eabi/12.2.0/../../../../arm-none-eabi/lib/thumb/v7e-m+fp/hard/libm.a(libm_a-k_rem_pio2.o)
 .debug_frame   0x000007b8       0x2c /usr/lib/gcc/arm-none-eabi/12.2.0/../../../../arm-none-eabi/lib/thumb/v7e-m+fp/hard/libm.a(libm_a-s_scalbn.o)
 .debug_frame   0x000007e4       0x30 /usr/lib/gcc/arm-none-eabi/12.2.0/../../../../arm-none-eabi/lib/thumb/v7e-m+fp/hard/libm.a(libm_a-s_floor.o)
 .debug_frame   0x00000814       0x38 /home/derianmc/Desktop/STM32_examples/libopencm3-examples/libopencm3/lib/libopencm3_stm32f4.a(fmc_common_f47.o)
 .debug_frame   0x0000084c       0x80 /home/derianmc/Desktop/STM32_examples/libopencm3-examples/libopencm3/lib/libopencm3_stm32f4.a(gpio_common_all.o)
 .debug_frame   0x000008cc       0x70 /home/derianmc/Desktop/STM32_examples/libopencm3-examples/libopencm3/lib/libopencm3_stm32f4.a(gpio_common_f0234.o)
 .debug_frame   0x0000093c       0xe0 /home/derianmc/Desktop/STM32_examples/libopencm3-examples/libopencm3/lib/libopencm3_stm32f4.a(rcc_common_all.o)
 .debug_frame   0x00000a1c      0x234 /home/derianmc/Desktop/STM32_examples/libopencm3-examples/libopencm3/lib/libopencm3_stm32f4.a(rcc.o)
 .debug_frame   0x00000c50      0x2c0 /home/derianmc/Desktop/STM32_examples/libopencm3-examples/libopencm3/lib/libopencm3_stm32f4.a(spi_common_all.o)
 .debug_frame   0x00000f10       0x4c /home/derianmc/Desktop/STM32_examples/libopencm3-examples/libopencm3/lib/libopencm3_stm32f4.a(spi_common_v1.o)
 .debug_frame   0x00000f5c      0x1b8 /home/derianmc/Desktop/STM32_examples/libopencm3-examples/libopencm3/lib/libopencm3_stm32f4.a(usart_common_all.o)
 .debug_frame   0x00001114       0x4c /home/derianmc/Desktop/STM32_examples/libopencm3-examples/libopencm3/lib/libopencm3_stm32f4.a(vector.o)
 .debug_frame   0x00001160       0xd8 /home/derianmc/Desktop/STM32_examples/libopencm3-examples/libopencm3/lib/libopencm3_stm32f4.a(systick.o)
 .debug_frame   0x00001238       0x40 /home/derianmc/Desktop/STM32_examples/libopencm3-examples/libopencm3/lib/libopencm3_stm32f4.a(scb.o)
 .debug_frame   0x00001278       0xa0 /home/derianmc/Desktop/STM32_examples/libopencm3-examples/libopencm3/lib/libopencm3_stm32f4.a(nvic.o)
 .debug_frame   0x00001318       0x50 /home/derianmc/Desktop/STM32_examples/libopencm3-examples/libopencm3/lib/libopencm3_stm32f4.a(flash_common_all.o)
 .debug_frame   0x00001368       0x70 /home/derianmc/Desktop/STM32_examples/libopencm3-examples/libopencm3/lib/libopencm3_stm32f4.a(flash_common_idcache.o)
 .debug_frame   0x000013d8       0x20 /home/derianmc/Desktop/STM32_examples/libopencm3-examples/libopencm3/lib/libopencm3_stm32f4.a(pwr.o)
 .debug_frame   0x000013f8       0xac /usr/lib/gcc/arm-none-eabi/12.2.0/thumb/v7e-m+fp/hard/libgcc.a(_arm_addsubdf3.o)
 .debug_frame   0x000014a4       0x50 /usr/lib/gcc/arm-none-eabi/12.2.0/thumb/v7e-m+fp/hard/libgcc.a(_arm_muldivdf3.o)
 .debug_frame   0x000014f4       0xc4 /usr/lib/gcc/arm-none-eabi/12.2.0/thumb/v7e-m+fp/hard/libgcc.a(_arm_cmpdf2.o)
 .debug_frame   0x000015b8       0x24 /usr/lib/gcc/arm-none-eabi/12.2.0/thumb/v7e-m+fp/hard/libgcc.a(_arm_fixdfsi.o)

.debug_line_str
                0x00000000       0x97
 .debug_line_str
                0x00000000       0x97 /usr/lib/gcc/arm-none-eabi/12.2.0/thumb/v7e-m+fp/hard/libgcc.a(_arm_addsubdf3.o)
 .debug_line_str
                0x00000097       0x97 /usr/lib/gcc/arm-none-eabi/12.2.0/thumb/v7e-m+fp/hard/libgcc.a(_arm_muldivdf3.o)
 .debug_line_str
                0x00000097       0x97 /usr/lib/gcc/arm-none-eabi/12.2.0/thumb/v7e-m+fp/hard/libgcc.a(_arm_cmpdf2.o)
 .debug_line_str
                0x00000097       0x97 /usr/lib/gcc/arm-none-eabi/12.2.0/thumb/v7e-m+fp/hard/libgcc.a(_arm_fixdfsi.o)

Cross Reference Table

Symbol                                            File
__adddf3                                          /usr/lib/gcc/arm-none-eabi/12.2.0/thumb/v7e-m+fp/hard/libgcc.a(_arm_addsubdf3.o)
__aeabi_cdcmpeq                                   /usr/lib/gcc/arm-none-eabi/12.2.0/thumb/v7e-m+fp/hard/libgcc.a(_arm_cmpdf2.o)
__aeabi_cdcmple                                   /usr/lib/gcc/arm-none-eabi/12.2.0/thumb/v7e-m+fp/hard/libgcc.a(_arm_cmpdf2.o)
__aeabi_cdrcmple                                  /usr/lib/gcc/arm-none-eabi/12.2.0/thumb/v7e-m+fp/hard/libgcc.a(_arm_cmpdf2.o)
__aeabi_d2iz                                      /usr/lib/gcc/arm-none-eabi/12.2.0/thumb/v7e-m+fp/hard/libgcc.a(_arm_fixdfsi.o)
                                                  /usr/lib/gcc/arm-none-eabi/12.2.0/../../../../arm-none-eabi/lib/thumb/v7e-m+fp/hard/libm.a(libm_a-k_rem_pio2.o)
                                                  /usr/lib/gcc/arm-none-eabi/12.2.0/../../../../arm-none-eabi/lib/thumb/v7e-m+fp/hard/libm.a(libm_a-e_rem_pio2.o)
                                                  /usr/lib/gcc/arm-none-eabi/12.2.0/../../../../arm-none-eabi/lib/thumb/v7e-m+fp/hard/libm.a(libm_a-k_sin.o)
                                                  /usr/lib/gcc/arm-none-eabi/12.2.0/../../../../arm-none-eabi/lib/thumb/v7e-m+fp/hard/libm.a(libm_a-k_cos.o)
                                                  lcd-serial.o
__aeabi_dadd                                      /usr/lib/gcc/arm-none-eabi/12.2.0/thumb/v7e-m+fp/hard/libgcc.a(_arm_addsubdf3.o)
                                                  /usr/lib/gcc/arm-none-eabi/12.2.0/../../../../arm-none-eabi/lib/thumb/v7e-m+fp/hard/libm.a(libm_a-s_floor.o)
                                                  /usr/lib/gcc/arm-none-eabi/12.2.0/../../../../arm-none-eabi/lib/thumb/v7e-m+fp/hard/libm.a(libm_a-s_scalbn.o)
                                                  /usr/lib/gcc/arm-none-eabi/12.2.0/../../../../arm-none-eabi/lib/thumb/v7e-m+fp/hard/libm.a(libm_a-k_rem_pio2.o)
                                                  /usr/lib/gcc/arm-none-eabi/12.2.0/../../../../arm-none-eabi/lib/thumb/v7e-m+fp/hard/libm.a(libm_a-e_rem_pio2.o)
                                                  /usr/lib/gcc/arm-none-eabi/12.2.0/../../../../arm-none-eabi/lib/thumb/v7e-m+fp/hard/libm.a(libm_a-k_sin.o)
                                                  /usr/lib/gcc/arm-none-eabi/12.2.0/../../../../arm-none-eabi/lib/thumb/v7e-m+fp/hard/libm.a(libm_a-k_cos.o)
                                                  lcd-serial.o
__aeabi_dcmpeq                                    /usr/lib/gcc/arm-none-eabi/12.2.0/thumb/v7e-m+fp/hard/libgcc.a(_arm_cmpdf2.o)
                                                  /usr/lib/gcc/arm-none-eabi/12.2.0/../../../../arm-none-eabi/lib/thumb/v7e-m+fp/hard/libm.a(libm_a-k_rem_pio2.o)
                                                  /usr/lib/gcc/arm-none-eabi/12.2.0/../../../../arm-none-eabi/lib/thumb/v7e-m+fp/hard/libm.a(libm_a-e_rem_pio2.o)
__aeabi_dcmpge                                    /usr/lib/gcc/arm-none-eabi/12.2.0/thumb/v7e-m+fp/hard/libgcc.a(_arm_cmpdf2.o)
                                                  /usr/lib/gcc/arm-none-eabi/12.2.0/../../../../arm-none-eabi/lib/thumb/v7e-m+fp/hard/libm.a(libm_a-k_rem_pio2.o)
__aeabi_dcmpgt                                    /usr/lib/gcc/arm-none-eabi/12.2.0/thumb/v7e-m+fp/hard/libgcc.a(_arm_cmpdf2.o)
                                                  /usr/lib/gcc/arm-none-eabi/12.2.0/../../../../arm-none-eabi/lib/thumb/v7e-m+fp/hard/libm.a(libm_a-s_floor.o)
__aeabi_dcmple                                    /usr/lib/gcc/arm-none-eabi/12.2.0/thumb/v7e-m+fp/hard/libgcc.a(_arm_cmpdf2.o)
__aeabi_dcmplt                                    /usr/lib/gcc/arm-none-eabi/12.2.0/thumb/v7e-m+fp/hard/libgcc.a(_arm_cmpdf2.o)
__aeabi_ddiv                                      /usr/lib/gcc/arm-none-eabi/12.2.0/thumb/v7e-m+fp/hard/libgcc.a(_arm_muldivdf3.o)
                                                  lcd-serial.o
__aeabi_dmul                                      /usr/lib/gcc/arm-none-eabi/12.2.0/thumb/v7e-m+fp/hard/libgcc.a(_arm_muldivdf3.o)
                                                  /usr/lib/gcc/arm-none-eabi/12.2.0/thumb/v7e-m+fp/hard/libgcc.a(_arm_muldf3.o)
                                                  /usr/lib/gcc/arm-none-eabi/12.2.0/../../../../arm-none-eabi/lib/thumb/v7e-m+fp/hard/libm.a(libm_a-s_scalbn.o)
                                                  /usr/lib/gcc/arm-none-eabi/12.2.0/../../../../arm-none-eabi/lib/thumb/v7e-m+fp/hard/libm.a(libm_a-k_rem_pio2.o)
                                                  /usr/lib/gcc/arm-none-eabi/12.2.0/../../../../arm-none-eabi/lib/thumb/v7e-m+fp/hard/libm.a(libm_a-e_rem_pio2.o)
                                                  /usr/lib/gcc/arm-none-eabi/12.2.0/../../../../arm-none-eabi/lib/thumb/v7e-m+fp/hard/libm.a(libm_a-k_sin.o)
                                                  /usr/lib/gcc/arm-none-eabi/12.2.0/../../../../arm-none-eabi/lib/thumb/v7e-m+fp/hard/libm.a(libm_a-k_cos.o)
                                                  lcd-serial.o
__aeabi_drsub                                     /usr/lib/gcc/arm-none-eabi/12.2.0/thumb/v7e-m+fp/hard/libgcc.a(_arm_addsubdf3.o)
__aeabi_dsub                                      /usr/lib/gcc/arm-none-eabi/12.2.0/thumb/v7e-m+fp/hard/libgcc.a(_arm_addsubdf3.o)
                                                  /usr/lib/gcc/arm-none-eabi/12.2.0/../../../../arm-none-eabi/lib/thumb/v7e-m+fp/hard/libm.a(libm_a-k_rem_pio2.o)
                                                  /usr/lib/gcc/arm-none-eabi/12.2.0/../../../../arm-none-eabi/lib/thumb/v7e-m+fp/hard/libm.a(libm_a-e_rem_pio2.o)
                                                  /usr/lib/gcc/arm-none-eabi/12.2.0/../../../../arm-none-eabi/lib/thumb/v7e-m+fp/hard/libm.a(libm_a-k_sin.o)
                                                  /usr/lib/gcc/arm-none-eabi/12.2.0/../../../../arm-none-eabi/lib/thumb/v7e-m+fp/hard/libm.a(libm_a-k_cos.o)
                                                  /usr/lib/gcc/arm-none-eabi/12.2.0/../../../../arm-none-eabi/lib/thumb/v7e-m+fp/hard/libm.a(libm_a-s_sin.o)
                                                  /usr/lib/gcc/arm-none-eabi/12.2.0/../../../../arm-none-eabi/lib/thumb/v7e-m+fp/hard/libm.a(libm_a-s_cos.o)
__aeabi_f2d                                       /usr/lib/gcc/arm-none-eabi/12.2.0/thumb/v7e-m+fp/hard/libgcc.a(_arm_addsubdf3.o)
__aeabi_i2d                                       /usr/lib/gcc/arm-none-eabi/12.2.0/thumb/v7e-m+fp/hard/libgcc.a(_arm_addsubdf3.o)
                                                  /usr/lib/gcc/arm-none-eabi/12.2.0/../../../../arm-none-eabi/lib/thumb/v7e-m+fp/hard/libm.a(libm_a-k_rem_pio2.o)
                                                  /usr/lib/gcc/arm-none-eabi/12.2.0/../../../../arm-none-eabi/lib/thumb/v7e-m+fp/hard/libm.a(libm_a-e_rem_pio2.o)
                                                  lcd-serial.o
__aeabi_l2d                                       /usr/lib/gcc/arm-none-eabi/12.2.0/thumb/v7e-m+fp/hard/libgcc.a(_arm_addsubdf3.o)
__aeabi_ui2d                                      /usr/lib/gcc/arm-none-eabi/12.2.0/thumb/v7e-m+fp/hard/libgcc.a(_arm_addsubdf3.o)
__aeabi_ul2d                                      /usr/lib/gcc/arm-none-eabi/12.2.0/thumb/v7e-m+fp/hard/libgcc.a(_arm_addsubdf3.o)
__cmpdf2                                          /usr/lib/gcc/arm-none-eabi/12.2.0/thumb/v7e-m+fp/hard/libgcc.a(_arm_cmpdf2.o)
__divdf3                                          /usr/lib/gcc/arm-none-eabi/12.2.0/thumb/v7e-m+fp/hard/libgcc.a(_arm_muldivdf3.o)
__eqdf2                                           /usr/lib/gcc/arm-none-eabi/12.2.0/thumb/v7e-m+fp/hard/libgcc.a(_arm_cmpdf2.o)
__extendsfdf2                                     /usr/lib/gcc/arm-none-eabi/12.2.0/thumb/v7e-m+fp/hard/libgcc.a(_arm_addsubdf3.o)
__fini_array_end                                  /home/derianmc/Desktop/STM32_examples/libopencm3-examples/libopencm3/lib/libopencm3_stm32f4.a(vector.o)
__fini_array_start                                /home/derianmc/Desktop/STM32_examples/libopencm3-examples/libopencm3/lib/libopencm3_stm32f4.a(vector.o)
__fixdfsi                                         /usr/lib/gcc/arm-none-eabi/12.2.0/thumb/v7e-m+fp/hard/libgcc.a(_arm_fixdfsi.o)
__floatdidf                                       /usr/lib/gcc/arm-none-eabi/12.2.0/thumb/v7e-m+fp/hard/libgcc.a(_arm_addsubdf3.o)
__floatsidf                                       /usr/lib/gcc/arm-none-eabi/12.2.0/thumb/v7e-m+fp/hard/libgcc.a(_arm_addsubdf3.o)
__floatundidf                                     /usr/lib/gcc/arm-none-eabi/12.2.0/thumb/v7e-m+fp/hard/libgcc.a(_arm_addsubdf3.o)
__floatunsidf                                     /usr/lib/gcc/arm-none-eabi/12.2.0/thumb/v7e-m+fp/hard/libgcc.a(_arm_addsubdf3.o)
__gedf2                                           /usr/lib/gcc/arm-none-eabi/12.2.0/thumb/v7e-m+fp/hard/libgcc.a(_arm_cmpdf2.o)
__gfx_state                                       gfx.o
__gtdf2                                           /usr/lib/gcc/arm-none-eabi/12.2.0/thumb/v7e-m+fp/hard/libgcc.a(_arm_cmpdf2.o)
__ieee754_rem_pio2                                /usr/lib/gcc/arm-none-eabi/12.2.0/../../../../arm-none-eabi/lib/thumb/v7e-m+fp/hard/libm.a(libm_a-e_rem_pio2.o)
                                                  /usr/lib/gcc/arm-none-eabi/12.2.0/../../../../arm-none-eabi/lib/thumb/v7e-m+fp/hard/libm.a(libm_a-s_sin.o)
                                                  /usr/lib/gcc/arm-none-eabi/12.2.0/../../../../arm-none-eabi/lib/thumb/v7e-m+fp/hard/libm.a(libm_a-s_cos.o)
__init_array_end                                  /home/derianmc/Desktop/STM32_examples/libopencm3-examples/libopencm3/lib/libopencm3_stm32f4.a(vector.o)
__init_array_start                                /home/derianmc/Desktop/STM32_examples/libopencm3-examples/libopencm3/lib/libopencm3_stm32f4.a(vector.o)
__kernel_cos                                      /usr/lib/gcc/arm-none-eabi/12.2.0/../../../../arm-none-eabi/lib/thumb/v7e-m+fp/hard/libm.a(libm_a-k_cos.o)
                                                  /usr/lib/gcc/arm-none-eabi/12.2.0/../../../../arm-none-eabi/lib/thumb/v7e-m+fp/hard/libm.a(libm_a-s_sin.o)
                                                  /usr/lib/gcc/arm-none-eabi/12.2.0/../../../../arm-none-eabi/lib/thumb/v7e-m+fp/hard/libm.a(libm_a-s_cos.o)
__kernel_rem_pio2                                 /usr/lib/gcc/arm-none-eabi/12.2.0/../../../../arm-none-eabi/lib/thumb/v7e-m+fp/hard/libm.a(libm_a-k_rem_pio2.o)
                                                  /usr/lib/gcc/arm-none-eabi/12.2.0/../../../../arm-none-eabi/lib/thumb/v7e-m+fp/hard/libm.a(libm_a-e_rem_pio2.o)
__kernel_sin                                      /usr/lib/gcc/arm-none-eabi/12.2.0/../../../../arm-none-eabi/lib/thumb/v7e-m+fp/hard/libm.a(libm_a-k_sin.o)
                                                  /usr/lib/gcc/arm-none-eabi/12.2.0/../../../../arm-none-eabi/lib/thumb/v7e-m+fp/hard/libm.a(libm_a-s_sin.o)
                                                  /usr/lib/gcc/arm-none-eabi/12.2.0/../../../../arm-none-eabi/lib/thumb/v7e-m+fp/hard/libm.a(libm_a-s_cos.o)
__ledf2                                           /usr/lib/gcc/arm-none-eabi/12.2.0/thumb/v7e-m+fp/hard/libgcc.a(_arm_cmpdf2.o)
__ltdf2                                           /usr/lib/gcc/arm-none-eabi/12.2.0/thumb/v7e-m+fp/hard/libgcc.a(_arm_cmpdf2.o)
__muldf3                                          /usr/lib/gcc/arm-none-eabi/12.2.0/thumb/v7e-m+fp/hard/libgcc.a(_arm_muldivdf3.o)
                                                  /usr/lib/gcc/arm-none-eabi/12.2.0/thumb/v7e-m+fp/hard/libgcc.a(_arm_muldf3.o)
__nedf2                                           /usr/lib/gcc/arm-none-eabi/12.2.0/thumb/v7e-m+fp/hard/libgcc.a(_arm_cmpdf2.o)
__preinit_array_end                               /home/derianmc/Desktop/STM32_examples/libopencm3-examples/libopencm3/lib/libopencm3_stm32f4.a(vector.o)
__preinit_array_start                             /home/derianmc/Desktop/STM32_examples/libopencm3-examples/libopencm3/lib/libopencm3_stm32f4.a(vector.o)
__subdf3                                          /usr/lib/gcc/arm-none-eabi/12.2.0/thumb/v7e-m+fp/hard/libgcc.a(_arm_addsubdf3.o)
_data                                             /home/derianmc/Desktop/STM32_examples/libopencm3-examples/libopencm3/lib/libopencm3_stm32f4.a(vector.o)
_data_loadaddr                                    /home/derianmc/Desktop/STM32_examples/libopencm3-examples/libopencm3/lib/libopencm3_stm32f4.a(vector.o)
_ebss                                             /home/derianmc/Desktop/STM32_examples/libopencm3-examples/libopencm3/lib/libopencm3_stm32f4.a(vector.o)
_edata                                            /home/derianmc/Desktop/STM32_examples/libopencm3-examples/libopencm3/lib/libopencm3_stm32f4.a(vector.o)
_stack                                            /home/derianmc/Desktop/STM32_examples/libopencm3-examples/libopencm3/lib/libopencm3_stm32f4.a(vector.o)
adc_isr                                           /home/derianmc/Desktop/STM32_examples/libopencm3-examples/libopencm3/lib/libopencm3_stm32f4.a(vector.o)
blocking_handler                                  /home/derianmc/Desktop/STM32_examples/libopencm3-examples/libopencm3/lib/libopencm3_stm32f4.a(vector.o)
bus_fault_handler                                 /home/derianmc/Desktop/STM32_examples/libopencm3-examples/libopencm3/lib/libopencm3_stm32f4.a(vector.o)
can1_rx0_isr                                      /home/derianmc/Desktop/STM32_examples/libopencm3-examples/libopencm3/lib/libopencm3_stm32f4.a(vector.o)
can1_rx1_isr                                      /home/derianmc/Desktop/STM32_examples/libopencm3-examples/libopencm3/lib/libopencm3_stm32f4.a(vector.o)
can1_sce_isr                                      /home/derianmc/Desktop/STM32_examples/libopencm3-examples/libopencm3/lib/libopencm3_stm32f4.a(vector.o)
can1_tx_isr                                       /home/derianmc/Desktop/STM32_examples/libopencm3-examples/libopencm3/lib/libopencm3_stm32f4.a(vector.o)
can2_rx0_isr                                      /home/derianmc/Desktop/STM32_examples/libopencm3-examples/libopencm3/lib/libopencm3_stm32f4.a(vector.o)
can2_rx1_isr                                      /home/derianmc/Desktop/STM32_examples/libopencm3-examples/libopencm3/lib/libopencm3_stm32f4.a(vector.o)
can2_sce_isr                                      /home/derianmc/Desktop/STM32_examples/libopencm3-examples/libopencm3/lib/libopencm3_stm32f4.a(vector.o)
can2_tx_isr                                       /home/derianmc/Desktop/STM32_examples/libopencm3-examples/libopencm3/lib/libopencm3_stm32f4.a(vector.o)
clock_setup                                       clock.o
                                                  lcd-serial.o
console_getc                                      console.o
console_gets                                      console.o
console_putc                                      console.o
                                                  lcd-spi.o
console_puts                                      console.o
                                                  lcd-serial.o
                                                  lcd-spi.o
console_setup                                     console.o
                                                  lcd-serial.o
cos                                               /usr/lib/gcc/arm-none-eabi/12.2.0/../../../../arm-none-eabi/lib/thumb/v7e-m+fp/hard/libm.a(libm_a-s_cos.o)
                                                  lcd-serial.o
cryp_isr                                          /home/derianmc/Desktop/STM32_examples/libopencm3-examples/libopencm3/lib/libopencm3_stm32f4.a(vector.o)
cur_frame                                         lcd-spi.o
dcmi_isr                                          /home/derianmc/Desktop/STM32_examples/libopencm3-examples/libopencm3/lib/libopencm3_stm32f4.a(vector.o)
debug_monitor_handler                             /home/derianmc/Desktop/STM32_examples/libopencm3-examples/libopencm3/lib/libopencm3_stm32f4.a(vector.o)
display_frame                                     lcd-spi.o
dma1_stream0_isr                                  /home/derianmc/Desktop/STM32_examples/libopencm3-examples/libopencm3/lib/libopencm3_stm32f4.a(vector.o)
dma1_stream1_isr                                  /home/derianmc/Desktop/STM32_examples/libopencm3-examples/libopencm3/lib/libopencm3_stm32f4.a(vector.o)
dma1_stream2_isr                                  /home/derianmc/Desktop/STM32_examples/libopencm3-examples/libopencm3/lib/libopencm3_stm32f4.a(vector.o)
dma1_stream3_isr                                  /home/derianmc/Desktop/STM32_examples/libopencm3-examples/libopencm3/lib/libopencm3_stm32f4.a(vector.o)
dma1_stream4_isr                                  /home/derianmc/Desktop/STM32_examples/libopencm3-examples/libopencm3/lib/libopencm3_stm32f4.a(vector.o)
dma1_stream5_isr                                  /home/derianmc/Desktop/STM32_examples/libopencm3-examples/libopencm3/lib/libopencm3_stm32f4.a(vector.o)
dma1_stream6_isr                                  /home/derianmc/Desktop/STM32_examples/libopencm3-examples/libopencm3/lib/libopencm3_stm32f4.a(vector.o)
dma1_stream7_isr                                  /home/derianmc/Desktop/STM32_examples/libopencm3-examples/libopencm3/lib/libopencm3_stm32f4.a(vector.o)
dma2_stream0_isr                                  /home/derianmc/Desktop/STM32_examples/libopencm3-examples/libopencm3/lib/libopencm3_stm32f4.a(vector.o)
dma2_stream1_isr                                  /home/derianmc/Desktop/STM32_examples/libopencm3-examples/libopencm3/lib/libopencm3_stm32f4.a(vector.o)
dma2_stream2_isr                                  /home/derianmc/Desktop/STM32_examples/libopencm3-examples/libopencm3/lib/libopencm3_stm32f4.a(vector.o)